 EndoScopeMFC

 Timestamp is 5f9a809b (Thu Oct 29 16:43:07 2020)

 Preferred load address is 00400000

 Start         Length     Name                   Class
 0001:00000000 00017e90H .text                   CODE
 0001:00017e90 00001245H .text$x                 CODE
 0001:000190e0 000004d0H .text$yc                CODE
 0001:000195b0 00000169H .text$yd                CODE
 0002:00000000 000007a4H .idata$5                DATA
 0002:000007a4 00000004H .CRT$XCA                DATA
 0002:000007a8 00000004H .CRT$XCAA               DATA
 0002:000007ac 00000008H .CRT$XCL                DATA
 0002:000007b4 0000006cH .CRT$XCU                DATA
 0002:00000820 00000004H .CRT$XCZ                DATA
 0002:00000824 00000004H .CRT$XIA                DATA
 0002:00000828 00000004H .CRT$XIAA               DATA
 0002:0000082c 00000004H .CRT$XIC                DATA
 0002:00000830 00000004H .CRT$XIY                DATA
 0002:00000834 00000004H .CRT$XIZ                DATA
 0002:00000840 00002358H .rdata                  DATA
 0002:00002b98 00000094H .rdata$debug            DATA
 0002:00002c2c 00000bccH .rdata$r                DATA
 0002:00003800 00000114H .rdata$sxdata           DATA
 0002:00003914 00000004H .rtc$IAA                DATA
 0002:00003918 00000004H .rtc$IZZ                DATA
 0002:0000391c 00000004H .rtc$TAA                DATA
 0002:00003920 00000004H .rtc$TZZ                DATA
 0002:00003928 000012b0H .xdata$x                DATA
 0002:00004bd8 00000000H ATL$__a                 DATA
 0002:00004bd8 00000000H ATL$__z                 DATA
 0002:00004bd8 00000154H .idata$2                DATA
 0002:00004d2c 00000014H .idata$3                DATA
 0002:00004d40 000007a4H .idata$4                DATA
 0002:000054e4 00001cfcH .idata$6                DATA
 0002:000071e0 00000000H .edata                  DATA
 0003:00000000 00000620H .data                   DATA
 0003:00000620 024ea674H .bss                    DATA
 0004:00000000 000004fcH .rsrc$01                DATA
 0004:00000500 00011868H .rsrc$02                DATA

  Address         Publics by Value              Rva+Base       Lib:Object

 0000:00000000       __except_list              00000000     <absolute>
 0000:00000045       ___safe_se_handler_count   00000045     <absolute>
 0000:00009876       __ldused                   00009876     <absolute>
 0000:00009876       __fltused                  00009876     <absolute>
 0000:00000000       ___ImageBase               00400000     <linker-defined>
 0001:00000000       ??0CEDSGrabberCB@@QAE@XZ   00401000 f   CEDSGrabberCB.obj
 0001:00000050       ??0?$_Wrap_alloc@V?$allocator@V?$basic_string@DU?$char_traits@D@std@@V?$allocator@D@2@@std@@@std@@@std@@QAE@XZ 00401050 f i DataType.obj
 0001:00000050       ??0?$_Wrap_alloc@V?$allocator@D@std@@@std@@QAE@XZ 00401050 f i CEDSGrabberCB.obj
 0001:00000050       ??0?$_Wrap_alloc@V?$allocator@H@std@@@std@@QAE@XZ 00401050 f i EndoScopeMFCDlg.obj
 0001:00000050       ??0?$_Wrap_alloc@V?$allocator@PAUIBaseFilter@@@std@@@std@@QAE@XZ 00401050 f i EDSCapture.obj
 0001:00000050       ??0?$_Wrap_alloc@V?$allocator@PAE@std@@@std@@QAE@XZ 00401050 f i DataType.obj
 0001:00000050       ??0?$_Wrap_alloc@V?$allocator@U?$_List_node@PAEPAX@std@@@std@@@std@@QAE@XZ 00401050 f i EndoScopeMFCDlg.obj
 0001:00000050       ??0ISampleGrabberCB@@QAE@XZ 00401050 f i CEDSGrabberCB.obj
 0001:00000050       ??0?$_Wrap_alloc@V?$allocator@U_Container_proxy@std@@@std@@@std@@QAE@XZ 00401050 f i DataType.obj
 0001:00000050       ??0?$_Wrap_alloc@V?$allocator@U?$_Tree_node@U?$pair@$$CBIN@std@@PAX@std@@@std@@@std@@QAE@XZ 00401050 f i DataType.obj
 0001:00000070       ??1CEDSGrabberCB@@QAE@XZ   00401070 f   CEDSGrabberCB.obj
 0001:000000b0       ?QueryInterface@CEDSGrabberCB@@UAGJABU_GUID@@PAPAX@Z 004010b0 f   CEDSGrabberCB.obj
 0001:00000100       ?SampleCB@CEDSGrabberCB@@UAGJNPAUIMediaSample@@@Z 00401100 f   CEDSGrabberCB.obj
 0001:00000110       ?CropImage@CEDSGrabberCB@@QAEXPAEPAPAE@Z 00401110 f   CEDSGrabberCB.obj
 0001:00000150       ?BufferCB@CEDSGrabberCB@@UAGJNPAEJ@Z 00401150 f   CEDSGrabberCB.obj
 0001:000001b0       ?AddRef@CEDSGrabberCB@@UAGKXZ 004011b0 f   CEDSGrabberCB.obj
 0001:000001c0       ?Release@CEDSGrabberCB@@UAGKXZ 004011c0 f   CEDSGrabberCB.obj
 0001:000001d0       ??1_System_error_category@std@@UAE@XZ 004011d0 f i pch.obj
 0001:000001d0       ??1_Iostream_error_category@std@@UAE@XZ 004011d0 f i CEDSGrabberCB.obj
 0001:000001f0       ??0error_category@std@@QAE@XZ 004011f0 f i CEDSGrabberCB.obj
 0001:00000210       ??_E_Generic_error_category@std@@UAEPAXI@Z 00401210 f i * CIL library *:* CIL module *
 0001:00000210       ??_G_Generic_error_category@std@@UAEPAXI@Z 00401210 f i CEDSGrabberCB.obj
 0001:00000240       ?name@_Generic_error_category@std@@UBEPBDXZ 00401240 f i CEDSGrabberCB.obj
 0001:00000250       ??0_Generic_error_category@std@@QAE@XZ 00401250 f i CEDSGrabberCB.obj
 0001:00000270       ??_Eerror_category@std@@UAEPAXI@Z 00401270 f i * CIL library *:* CIL module *
 0001:00000270       ??_Gerror_category@std@@UAEPAXI@Z 00401270 f i CEDSGrabberCB.obj
 0001:000002a0       ??1error_category@std@@UAE@XZ 004012a0 f i CEDSGrabberCB.obj
 0001:000002c0       ??1_Generic_error_category@std@@UAE@XZ 004012c0 f i CEDSGrabberCB.obj
 0001:000002e0       ??_G_System_error_category@std@@UAEPAXI@Z 004012e0 f i pch.obj
 0001:000002e0       ??_G_Iostream_error_category@std@@UAEPAXI@Z 004012e0 f i CEDSGrabberCB.obj
 0001:000002e0       ??_E_Iostream_error_category@std@@UAEPAXI@Z 004012e0 f i * CIL library *:* CIL module *
 0001:000002e0       ??_E_System_error_category@std@@UAEPAXI@Z 004012e0 f i * CIL library *:* CIL module *
 0001:00000310       ?name@_Iostream_error_category@std@@UBEPBDXZ 00401310 f i CEDSGrabberCB.obj
 0001:00000320       ?length@?$char_traits@D@std@@SAIPBD@Z 00401320 f i CEDSGrabberCB.obj
 0001:00000370       ?assign@?$basic_string@DU?$char_traits@D@std@@V?$allocator@D@2@@std@@QAEAAV12@PBD@Z 00401370 f i CEDSGrabberCB.obj
 0001:000003a0       ??0?$basic_string@DU?$char_traits@D@std@@V?$allocator@D@2@@std@@QAE@PBD@Z 004013a0 f i CEDSGrabberCB.obj
 0001:000003e0       ?message@_Generic_error_category@std@@UBE?AV?$basic_string@DU?$char_traits@D@std@@V?$allocator@D@2@@2@H@Z 004013e0 f i CEDSGrabberCB.obj
 0001:00000440       ?message@_Iostream_error_category@std@@UBE?AV?$basic_string@DU?$char_traits@D@std@@V?$allocator@D@2@@2@H@Z 00401440 f i CEDSGrabberCB.obj
 0001:000004a0       ?category@error_condition@std@@QBEABVerror_category@2@XZ 004014a0 f i CEDSGrabberCB.obj
 0001:000004a0       ?size@?$list@PAEV?$allocator@PAE@std@@@std@@QBEIXZ 004014a0 f i EndoScopeMFCDlg.obj
 0001:000004a0       ??BCSyncObject@@QBEPAXXZ   004014a0 f i EndoScopeMFCDlg.obj
 0001:000004a0       ?category@error_code@std@@QBEABVerror_category@2@XZ 004014a0 f i CEDSGrabberCB.obj
 0001:000004c0       ??C?$CComPtrBase@UIMoniker@@@ATL@@QBEPAV?$_NoAddRefReleaseOnCComPtr@UIMoniker@@@1@XZ 004014c0 f i EDSCapture.obj
 0001:000004c0       ??D?$_String_const_iterator@V?$_String_val@U?$_Simple_types@D@std@@@std@@@std@@QBEABDXZ 004014c0 f i EndoScopeMFCDlg.obj
 0001:000004c0       ??B?$CComPtrBase@UIBaseFilter@@@ATL@@QBEPAUIBaseFilter@@XZ 004014c0 f i EDSCapture.obj
 0001:000004c0       ??C?$CComPtrBase@UIEnumMoniker@@@ATL@@QBEPAV?$_NoAddRefReleaseOnCComPtr@UIEnumMoniker@@@1@XZ 004014c0 f i EDSCapture.obj
 0001:000004c0       ??B?$CA2AEX@$0IA@@ATL@@QBEPADXZ 004014c0 f i DataType.obj
 0001:000004c0       ??B?$CComPtrBase@UISampleGrabber@@@ATL@@QBEPAUISampleGrabber@@XZ 004014c0 f i EDSCapture.obj
 0001:000004c0       ?value@error_condition@std@@QBEHXZ 004014c0 f i CEDSGrabberCB.obj
 0001:000004c0       ?value@error_code@std@@QBEHXZ 004014c0 f i CEDSGrabberCB.obj
 0001:000004c0       ??C?$CComPtrBase@UISampleGrabber@@@ATL@@QBEPAV?$_NoAddRefReleaseOnCComPtr@UISampleGrabber@@@1@XZ 004014c0 f i EDSCapture.obj
 0001:000004c0       ?_Mynode@?$_Tree_unchecked_const_iterator@V?$_Tree_val@U?$_Tree_simple_types@U?$pair@$$CBIN@std@@@std@@@std@@U_Iterator_base0@2@@std@@QBEPAU?$_Tree_node@U?$pair@$$CBIN@std@@PAX@2@XZ 004014c0 f i DataType.obj
 0001:000004c0       ?_Mynode@?$_List_unchecked_const_iterator@V?$_List_val@U?$_List_simple_types@PAE@std@@@std@@U_Iterator_base0@2@@std@@QBEPAU?$_List_node@PAEPAX@2@XZ 004014c0 f i EndoScopeMFCDlg.obj
 0001:000004c0       ??C?$CComPtrBase@UICreateDevEnum@@@ATL@@QBEPAV?$_NoAddRefReleaseOnCComPtr@UICreateDevEnum@@@1@XZ 004014c0 f i EDSCapture.obj
 0001:000004d0       ?equivalent@error_category@std@@UBE_NABVerror_code@2@H@Z 004014d0 f i CEDSGrabberCB.obj
 0001:00000520       ??8error_category@std@@QBE_NABV01@@Z 00401520 f i CEDSGrabberCB.obj
 0001:00000550       ??8error_condition@std@@QBE_NABV01@@Z 00401550 f i CEDSGrabberCB.obj
 0001:000005b0       ??0CvSize@@QAE@HH@Z        004015b0 f i EndoScopeMFCDlg.obj
 0001:000005b0       ??0error_condition@std@@QAE@HABVerror_category@1@@Z 004015b0 f i CEDSGrabberCB.obj
 0001:000005b0       ??0?$Point_@H@cv@@QAE@HH@Z 004015b0 f i EndoScopeMFCDlg.obj
 0001:000005b0       ??0?$Size_@H@cv@@QAE@HH@Z  004015b0 f i EndoScopeMFCDlg.obj
 0001:000005e0       ?default_error_condition@error_category@std@@UBE?AVerror_condition@2@H@Z 004015e0 f i CEDSGrabberCB.obj
 0001:00000600       ?equivalent@error_category@std@@UBE_NHABVerror_condition@2@@Z 00401600 f i CEDSGrabberCB.obj
 0001:00000630       ??0_Iostream_error_category@std@@QAE@XZ 00401630 f i CEDSGrabberCB.obj
 0001:00000650       ?_Inside@?$basic_string@DU?$char_traits@D@std@@V?$allocator@D@2@@std@@QAE_NPBD@Z 00401650 f i CEDSGrabberCB.obj
 0001:00000690       ?erase@?$basic_string@DU?$char_traits@D@std@@V?$allocator@D@2@@std@@QAEAAV12@I@Z 00401690 f i CEDSGrabberCB.obj
 0001:000006c0       ?_Xran@?$basic_string@DU?$char_traits@D@std@@V?$allocator@D@2@@std@@QBEXXZ 004016c0 f i CEDSGrabberCB.obj
 0001:000006e0       ?erase@?$basic_string@DU?$char_traits@D@std@@V?$allocator@D@2@@std@@QAEAAV12@II@Z 004016e0 f i CEDSGrabberCB.obj
 0001:00000770       ?assign@?$basic_string@DU?$char_traits@D@std@@V?$allocator@D@2@@std@@QAEAAV12@ABV12@II@Z 00401770 f i CEDSGrabberCB.obj
 0001:00000820       ?_Xlen@?$basic_string@DU?$char_traits@D@std@@V?$allocator@D@2@@std@@QBEXXZ 00401820 f i CEDSGrabberCB.obj
 0001:00000840       ?max_size@?$allocator@D@std@@QBEIXZ 00401840 f i CEDSGrabberCB.obj
 0001:00000850       ?max_size@?$allocator_traits@V?$allocator@D@std@@@std@@SAIABV?$allocator@D@2@@Z 00401850 f i CEDSGrabberCB.obj
 0001:00000860       ?max_size@?$_Wrap_alloc@V?$allocator@D@std@@@std@@QBEIXZ 00401860 f i CEDSGrabberCB.obj
 0001:00000880       ?max_size@?$basic_string@DU?$char_traits@D@std@@V?$allocator@D@2@@std@@QBEIXZ 00401880 f i CEDSGrabberCB.obj
 0001:000008c0       ??$_Allocate@D@std@@YAPADIPAD@Z 004018c0 f i CEDSGrabberCB.obj
 0001:00000900       ?allocate@?$allocator@D@std@@QAEPADI@Z 00401900 f i CEDSGrabberCB.obj
 0001:00000920       ?allocate@?$_Wrap_alloc@V?$allocator@D@std@@@std@@QAEPADI@Z 00401920 f i CEDSGrabberCB.obj
 0001:00000940       ?_Copy@?$basic_string@DU?$char_traits@D@std@@V?$allocator@D@2@@std@@QAEXII@Z 00401940 f i CEDSGrabberCB.obj
 0001:00000b10       ?_Grow@?$basic_string@DU?$char_traits@D@std@@V?$allocator@D@2@@std@@QAE_NI_N@Z 00401b10 f i CEDSGrabberCB.obj
 0001:00000bc0       ?assign@?$basic_string@DU?$char_traits@D@std@@V?$allocator@D@2@@std@@QAEAAV12@PBDI@Z 00401bc0 f i CEDSGrabberCB.obj
 0001:00000c40       _==                        00401c40 f i CEDSGrabberCB.obj
 0001:00000c70       ??0?$_String_val@U?$_Simple_types@D@std@@@std@@QAE@XZ 00401c70 f i CEDSGrabberCB.obj
 0001:00000ca0       ??0?$_String_alloc@$0A@U?$_String_base_types@DV?$allocator@D@std@@@std@@@std@@QAE@ABV?$allocator@D@1@@Z 00401ca0 f i CEDSGrabberCB.obj
 0001:00000cc0       ?move@?$char_traits@D@std@@SAPADPADPBDI@Z 00401cc0 f i CEDSGrabberCB.obj
 0001:00000d00       ??2@YAPAXIPAX@Z            00401d00 f i CEDSGrabberCB.obj
 0001:00000d10       ??3@YAXPAX0@Z              00401d10 f i CEDSGrabberCB.obj
 0001:00000d10       ??$_Destroy_range@U?$_Wrap_alloc@V?$allocator@H@std@@@std@@@std@@YAXPAH0AAU?$_Wrap_alloc@V?$allocator@H@std@@@0@U_Scalar_ptr_iterator_tag@0@@Z 00401d10 f i EndoScopeMFCDlg.obj
 0001:00000d10       ??$_Destroy_range@U?$_Wrap_alloc@V?$allocator@PAV?$basic_string@DU?$char_traits@D@std@@V?$allocator@D@2@@std@@@std@@@std@@@std@@YAXPAPAV?$basic_string@DU?$char_traits@D@std@@V?$allocator@D@2@@0@0AAU?$_Wrap_alloc@V?$allocator@PAV?$basic_string@DU?$char_traits@D@std@@V?$allocator@D@2@@std@@@std@@@0@U_Scalar_ptr_iterator_tag@0@@Z 00401d10 f i DataType.obj
 0001:00000d10       ??$_Destroy_range@U?$_Wrap_alloc@V?$allocator@PAUIBaseFilter@@@std@@@std@@@std@@YAXPAPAUIBaseFilter@@0AAU?$_Wrap_alloc@V?$allocator@PAUIBaseFilter@@@std@@@0@U_Scalar_ptr_iterator_tag@0@@Z 00401d10 f i EDSCapture.obj
 0001:00000d20       ??$construct@PAEABQAE@?$allocator@U?$_List_node@PAEPAX@std@@@std@@QAEXPAPAEABQAE@Z 00401d20 f i EndoScopeMFCDlg.obj
 0001:00000d20       ??$construct@PAU?$_Tree_node@U?$pair@$$CBIN@std@@PAX@std@@AAPAU12@@?$allocator@U?$_Tree_node@U?$pair@$$CBIN@std@@PAX@std@@@std@@QAEXPAPAU?$_Tree_node@U?$pair@$$CBIN@std@@PAX@1@AAPAU21@@Z 00401d20 f i DataType.obj
 0001:00000d20       ??$construct@PAU?$_List_node@PAEPAX@std@@AAPAU12@@?$allocator@U?$_List_node@PAEPAX@std@@@std@@QAEXPAPAU?$_List_node@PAEPAX@1@AAPAU21@@Z 00401d20 f i EndoScopeMFCDlg.obj
 0001:00000d20       ??$construct@PADAAPAD@?$allocator@D@std@@QAEXPAPADAAPAD@Z 00401d20 f i CEDSGrabberCB.obj
 0001:00000db0       ??$construct@PAEABQAE@?$allocator_traits@V?$allocator@U?$_List_node@PAEPAX@std@@@std@@@std@@SAXAAV?$allocator@U?$_List_node@PAEPAX@std@@@1@PAPAEABQAE@Z 00401db0 f i EndoScopeMFCDlg.obj
 0001:00000db0       ??$construct@PADAAPAD@?$allocator_traits@V?$allocator@D@std@@@std@@SAXAAV?$allocator@D@1@PAPADAAPAD@Z 00401db0 f i CEDSGrabberCB.obj
 0001:00000db0       ??$construct@PAU?$_Tree_node@U?$pair@$$CBIN@std@@PAX@std@@AAPAU12@@?$allocator_traits@V?$allocator@U?$_Tree_node@U?$pair@$$CBIN@std@@PAX@std@@@std@@@std@@SAXAAV?$allocator@U?$_Tree_node@U?$pair@$$CBIN@std@@PAX@std@@@1@PAPAU?$_Tree_node@U?$pair@$$CBIN@std@@PAX@1@AAPAU31@@Z 00401db0 f i DataType.obj
 0001:00000db0       ??$construct@PAU?$_List_node@PAEPAX@std@@AAPAU12@@?$allocator_traits@V?$allocator@U?$_List_node@PAEPAX@std@@@std@@@std@@SAXAAV?$allocator@U?$_List_node@PAEPAX@std@@@1@PAPAU?$_List_node@PAEPAX@1@AAPAU31@@Z 00401db0 f i EndoScopeMFCDlg.obj
 0001:00000dd0       ??$forward@U_Container_proxy@std@@@std@@YA$$QAU_Container_proxy@0@AAU10@@Z 00401dd0 f i DataType.obj
 0001:00000dd0       ??$addressof@U?$pair@$$CBIN@std@@@std@@YAPAU?$pair@$$CBIN@0@AAU10@@Z 00401dd0 f i DataType.obj
 0001:00000dd0       ??$forward@AAPAD@std@@YAAAPADAAPAD@Z 00401dd0 f i CEDSGrabberCB.obj
 0001:00000dd0       ?_Nextnode@?$_List_val@U?$_List_simple_types@PAE@std@@@std@@SAAAPAU?$_List_node@PAEPAX@2@PAU32@@Z 00401dd0 f i EndoScopeMFCDlg.obj
 0001:00000dd0       ??$addressof@PAU?$_List_node@PAEPAX@std@@@std@@YAPAPAU?$_List_node@PAEPAX@0@AAPAU10@@Z 00401dd0 f i EndoScopeMFCDlg.obj
 0001:00000dd0       ??$forward@ABQAE@std@@YAABQAEABQAE@Z 00401dd0 f i EndoScopeMFCDlg.obj
 0001:00000dd0       ??$_Move@AAD@std@@YA$$QADAAD@Z 00401dd0 f i DataType.obj
 0001:00000dd0       ??$forward@AAPAU?$_List_node@PAEPAX@std@@@std@@YAAAPAU?$_List_node@PAEPAX@0@AAPAU10@@Z 00401dd0 f i EndoScopeMFCDlg.obj
 0001:00000dd0       ??$forward@AAPAU?$_Tree_node@U?$pair@$$CBIN@std@@PAX@std@@@std@@YAAAPAU?$_Tree_node@U?$pair@$$CBIN@std@@PAX@0@AAPAU10@@Z 00401dd0 f i DataType.obj
 0001:00000dd0       ?_Left@?$_Tree_val@U?$_Tree_simple_types@U?$pair@$$CBIN@std@@@std@@@std@@SAAAPAU?$_Tree_node@U?$pair@$$CBIN@std@@PAX@2@PAU32@@Z 00401dd0 f i DataType.obj
 0001:00000dd0       ??$addressof@PAE@std@@YAPAPAEAAPAE@Z 00401dd0 f i EndoScopeMFCDlg.obj
 0001:00000dd0       ??$addressof@PAU?$_Tree_node@U?$pair@$$CBIN@std@@PAX@std@@@std@@YAPAPAU?$_Tree_node@U?$pair@$$CBIN@std@@PAX@0@AAPAU10@@Z 00401dd0 f i DataType.obj
 0001:00000dd0       ??$_Unchecked@PAN@std@@YAPANPAN@Z 00401dd0 f i EndoScopeMFCDlg.obj
 0001:00000dd0       ??$forward@ABV?$basic_string@DU?$char_traits@D@std@@V?$allocator@D@2@@std@@@std@@YAABV?$basic_string@DU?$char_traits@D@std@@V?$allocator@D@2@@0@ABV10@@Z 00401dd0 f i DataType.obj
 0001:00000dd0       ??$addressof@D@std@@YAPADAAD@Z 00401dd0 f i CEDSGrabberCB.obj
 0001:00000dd0       ??$move@AAV?$basic_istream@DU?$char_traits@D@std@@@std@@@std@@YA$$QAV?$basic_istream@DU?$char_traits@D@std@@@0@AAV10@@Z 00401dd0 f i EndoScopeMFCDlg.obj
 0001:00000de0       ??$construct@PAU?$_Tree_node@U?$pair@$$CBIN@std@@PAX@std@@AAPAU12@@?$_Wrap_alloc@V?$allocator@U?$_Tree_node@U?$pair@$$CBIN@std@@PAX@std@@@std@@@std@@QAEXPAPAU?$_Tree_node@U?$pair@$$CBIN@std@@PAX@1@AAPAU21@@Z 00401de0 f i DataType.obj
 0001:00000de0       ??$construct@PAEABQAE@?$_Wrap_alloc@V?$allocator@U?$_List_node@PAEPAX@std@@@std@@@std@@QAEXPAPAEABQAE@Z 00401de0 f i EndoScopeMFCDlg.obj
 0001:00000de0       ??$construct@PADAAPAD@?$_Wrap_alloc@V?$allocator@D@std@@@std@@QAEXPAPADAAPAD@Z 00401de0 f i CEDSGrabberCB.obj
 0001:00000de0       ??$construct@PAU?$_List_node@PAEPAX@std@@AAPAU12@@?$_Wrap_alloc@V?$allocator@U?$_List_node@PAEPAX@std@@@std@@@std@@QAEXPAPAU?$_List_node@PAEPAX@1@AAPAU21@@Z 00401de0 f i EndoScopeMFCDlg.obj
 0001:00000e10       ??$destroy@U_Container_proxy@std@@@?$allocator@U_Container_proxy@std@@@std@@QAEXPAU_Container_proxy@1@@Z 00401e10 f i DataType.obj
 0001:00000e10       ?DoDataExchange@CWnd@@MAEXPAVCDataExchange@@@Z 00401e10 f i CSetPSW.obj
 0001:00000e10       ??$destroy@PAV?$basic_string@DU?$char_traits@D@std@@V?$allocator@D@2@@std@@@?$allocator@V?$basic_string@DU?$char_traits@D@std@@V?$allocator@D@2@@std@@@std@@QAEXPAPAV?$basic_string@DU?$char_traits@D@std@@V?$allocator@D@2@@1@@Z 00401e10 f i DataType.obj
 0001:00000e10       ??$destroy@PAD@?$allocator@D@std@@QAEXPAPAD@Z 00401e10 f i CEDSGrabberCB.obj
 0001:00000e10       ??$destroy@PAE@?$allocator@PAE@std@@QAEXPAPAE@Z 00401e10 f i DataType.obj
 0001:00000e10       ??$destroy@PAU?$_Tree_node@U?$pair@$$CBIN@std@@PAX@std@@@?$allocator@U?$_Tree_node@U?$pair@$$CBIN@std@@PAX@std@@@std@@QAEXPAPAU?$_Tree_node@U?$pair@$$CBIN@std@@PAX@1@@Z 00401e10 f i DataType.obj
 0001:00000e10       ?_Adopt@_Iterator_base0@std@@QAEXPBX@Z 00401e10 f i DataType.obj
 0001:00000e10       ??$destroy@PAE@?$allocator@U?$_List_node@PAEPAX@std@@@std@@QAEXPAPAE@Z 00401e10 f i EndoScopeMFCDlg.obj
 0001:00000e10       ?Serialize@CObject@@UAEXAAVCArchive@@@Z 00401e10 f i CSetPSW.obj
 0001:00000e10       ??$destroy@PAPAE@?$allocator@PAE@std@@QAEXPAPAPAE@Z 00401e10 f i DataType.obj
 0001:00000e10       ?Dump@CObject@@UBEXAAVCDumpContext@@@Z 00401e10 f i CSetPSW.obj
 0001:00000e10       ??$destroy@U?$pair@$$CBIN@std@@@?$allocator@U?$_Tree_node@U?$pair@$$CBIN@std@@PAX@std@@@std@@QAEXPAU?$pair@$$CBIN@1@@Z 00401e10 f i DataType.obj
 0001:00000e10       ??$destroy@PAU?$_List_node@PAEPAX@std@@@?$allocator@U?$_List_node@PAEPAX@std@@@std@@QAEXPAPAU?$_List_node@PAEPAX@1@@Z 00401e10 f i EndoScopeMFCDlg.obj
 0001:00000e20       ??$destroy@U_Container_proxy@std@@@?$allocator_traits@V?$allocator@U_Container_proxy@std@@@std@@@std@@SAXAAV?$allocator@U_Container_proxy@std@@@1@PAU_Container_proxy@1@@Z 00401e20 f i DataType.obj
 0001:00000e20       ??$destroy@U?$pair@$$CBIN@std@@@?$allocator_traits@V?$allocator@U?$_Tree_node@U?$pair@$$CBIN@std@@PAX@std@@@std@@@std@@SAXAAV?$allocator@U?$_Tree_node@U?$pair@$$CBIN@std@@PAX@std@@@1@PAU?$pair@$$CBIN@1@@Z 00401e20 f i DataType.obj
 0001:00000e20       ??$destroy@PAU?$_Tree_node@U?$pair@$$CBIN@std@@PAX@std@@@?$allocator_traits@V?$allocator@U?$_Tree_node@U?$pair@$$CBIN@std@@PAX@std@@@std@@@std@@SAXAAV?$allocator@U?$_Tree_node@U?$pair@$$CBIN@std@@PAX@std@@@1@PAPAU?$_Tree_node@U?$pair@$$CBIN@std@@PAX@1@@Z 00401e20 f i DataType.obj
 0001:00000e20       ??$destroy@PAD@?$allocator_traits@V?$allocator@D@std@@@std@@SAXAAV?$allocator@D@1@PAPAD@Z 00401e20 f i CEDSGrabberCB.obj
 0001:00000e20       ??$destroy@PAV?$basic_string@DU?$char_traits@D@std@@V?$allocator@D@2@@std@@@?$allocator_traits@V?$allocator@V?$basic_string@DU?$char_traits@D@std@@V?$allocator@D@2@@std@@@std@@@std@@SAXAAV?$allocator@V?$basic_string@DU?$char_traits@D@std@@V?$allocator@D@2@@std@@@1@PAPAV?$basic_string@DU?$char_traits@D@std@@V?$allocator@D@2@@1@@Z 00401e20 f i DataType.obj
 0001:00000e20       ??$destroy@PAE@?$allocator_traits@V?$allocator@PAE@std@@@std@@SAXAAV?$allocator@PAE@1@PAPAE@Z 00401e20 f i DataType.obj
 0001:00000e20       ??$destroy@PAE@?$allocator_traits@V?$allocator@U?$_List_node@PAEPAX@std@@@std@@@std@@SAXAAV?$allocator@U?$_List_node@PAEPAX@std@@@1@PAPAE@Z 00401e20 f i EndoScopeMFCDlg.obj
 0001:00000e20       ??$destroy@PAPAE@?$allocator_traits@V?$allocator@PAE@std@@@std@@SAXAAV?$allocator@PAE@1@PAPAPAE@Z 00401e20 f i DataType.obj
 0001:00000e20       ??$destroy@PAU?$_List_node@PAEPAX@std@@@?$allocator_traits@V?$allocator@U?$_List_node@PAEPAX@std@@@std@@@std@@SAXAAV?$allocator@U?$_List_node@PAEPAX@std@@@1@PAPAU?$_List_node@PAEPAX@1@@Z 00401e20 f i EndoScopeMFCDlg.obj
 0001:00000e40       ??$destroy@PAU?$_Tree_node@U?$pair@$$CBIN@std@@PAX@std@@@?$_Wrap_alloc@V?$allocator@U?$_Tree_node@U?$pair@$$CBIN@std@@PAX@std@@@std@@@std@@QAEXPAPAU?$_Tree_node@U?$pair@$$CBIN@std@@PAX@1@@Z 00401e40 f i DataType.obj
 0001:00000e40       ??$destroy@PAE@?$_Wrap_alloc@V?$allocator@U?$_List_node@PAEPAX@std@@@std@@@std@@QAEXPAPAE@Z 00401e40 f i EndoScopeMFCDlg.obj
 0001:00000e40       ??$destroy@PAPAE@?$_Wrap_alloc@V?$allocator@PAE@std@@@std@@QAEXPAPAPAE@Z 00401e40 f i DataType.obj
 0001:00000e40       ??$destroy@PAV?$basic_string@DU?$char_traits@D@std@@V?$allocator@D@2@@std@@@?$_Wrap_alloc@V?$allocator@V?$basic_string@DU?$char_traits@D@std@@V?$allocator@D@2@@std@@@std@@@std@@QAEXPAPAV?$basic_string@DU?$char_traits@D@std@@V?$allocator@D@2@@1@@Z 00401e40 f i DataType.obj
 0001:00000e40       ??$destroy@PAD@?$_Wrap_alloc@V?$allocator@D@std@@@std@@QAEXPAPAD@Z 00401e40 f i CEDSGrabberCB.obj
 0001:00000e40       ??$destroy@U?$pair@$$CBIN@std@@@?$_Wrap_alloc@V?$allocator@U?$_Tree_node@U?$pair@$$CBIN@std@@PAX@std@@@std@@@std@@QAEXPAU?$pair@$$CBIN@1@@Z 00401e40 f i DataType.obj
 0001:00000e40       ??$destroy@PAE@?$_Wrap_alloc@V?$allocator@PAE@std@@@std@@QAEXPAPAE@Z 00401e40 f i DataType.obj
 0001:00000e40       ??$destroy@PAU?$_List_node@PAEPAX@std@@@?$_Wrap_alloc@V?$allocator@U?$_List_node@PAEPAX@std@@@std@@@std@@QAEXPAPAU?$_List_node@PAEPAX@1@@Z 00401e40 f i EndoScopeMFCDlg.obj
 0001:00000e40       ??$destroy@U_Container_proxy@std@@@?$_Wrap_alloc@V?$allocator@U_Container_proxy@std@@@std@@@std@@QAEXPAU_Container_proxy@1@@Z 00401e40 f i DataType.obj
 0001:00000e60       ?copy@?$char_traits@D@std@@SAPADPADPBDI@Z 00401e60 f i CEDSGrabberCB.obj
 0001:00000e90       ?deallocate@?$allocator@U?$_Tree_node@U?$pair@$$CBIN@std@@PAX@std@@@std@@QAEXPAU?$_Tree_node@U?$pair@$$CBIN@std@@PAX@2@I@Z 00401e90 f i DataType.obj
 0001:00000e90       ?deallocate@?$allocator@PAE@std@@QAEXPAPAEI@Z 00401e90 f i DataType.obj
 0001:00000e90       ?deallocate@?$allocator@U?$_List_node@PAEPAX@std@@@std@@QAEXPAU?$_List_node@PAEPAX@2@I@Z 00401e90 f i EndoScopeMFCDlg.obj
 0001:00000e90       ?deallocate@?$allocator@PAUIBaseFilter@@@std@@QAEXPAPAUIBaseFilter@@I@Z 00401e90 f i EDSCapture.obj
 0001:00000e90       ?deallocate@?$allocator@U_Container_proxy@std@@@std@@QAEXPAU_Container_proxy@2@I@Z 00401e90 f i DataType.obj
 0001:00000e90       ?deallocate@?$allocator@D@std@@QAEXPADI@Z 00401e90 f i CEDSGrabberCB.obj
 0001:00000e90       ?deallocate@?$allocator@V?$basic_string@DU?$char_traits@D@std@@V?$allocator@D@2@@std@@@std@@QAEXPAV?$basic_string@DU?$char_traits@D@std@@V?$allocator@D@2@@2@I@Z 00401e90 f i DataType.obj
 0001:00000e90       ?deallocate@?$allocator@PAPAE@std@@QAEXPAPAPAEI@Z 00401e90 f i DataType.obj
 0001:00000e90       ?deallocate@?$allocator@H@std@@QAEXPAHI@Z 00401e90 f i EndoScopeMFCDlg.obj
 0001:00000e90       ?deallocate@?$allocator@PAV?$basic_string@DU?$char_traits@D@std@@V?$allocator@D@2@@std@@@std@@QAEXPAPAV?$basic_string@DU?$char_traits@D@std@@V?$allocator@D@2@@2@I@Z 00401e90 f i DataType.obj
 0001:00000eb0       ?deallocate@?$_Wrap_alloc@V?$allocator@U?$_List_node@PAEPAX@std@@@std@@@std@@QAEXPAU?$_List_node@PAEPAX@2@I@Z 00401eb0 f i EndoScopeMFCDlg.obj
 0001:00000eb0       ?deallocate@?$_Wrap_alloc@V?$allocator@V?$basic_string@DU?$char_traits@D@std@@V?$allocator@D@2@@std@@@std@@@std@@QAEXPAV?$basic_string@DU?$char_traits@D@std@@V?$allocator@D@2@@2@I@Z 00401eb0 f i DataType.obj
 0001:00000eb0       ?deallocate@?$_Wrap_alloc@V?$allocator@PAPAE@std@@@std@@QAEXPAPAPAEI@Z 00401eb0 f i DataType.obj
 0001:00000eb0       ?deallocate@?$_Wrap_alloc@V?$allocator@U_Container_proxy@std@@@std@@@std@@QAEXPAU_Container_proxy@2@I@Z 00401eb0 f i DataType.obj
 0001:00000eb0       ?deallocate@?$_Wrap_alloc@V?$allocator@PAUIBaseFilter@@@std@@@std@@QAEXPAPAUIBaseFilter@@I@Z 00401eb0 f i EDSCapture.obj
 0001:00000eb0       ?deallocate@?$_Wrap_alloc@V?$allocator@D@std@@@std@@QAEXPADI@Z 00401eb0 f i CEDSGrabberCB.obj
 0001:00000eb0       ?deallocate@?$_Wrap_alloc@V?$allocator@H@std@@@std@@QAEXPAHI@Z 00401eb0 f i EndoScopeMFCDlg.obj
 0001:00000eb0       ?deallocate@?$_Wrap_alloc@V?$allocator@PAE@std@@@std@@QAEXPAPAEI@Z 00401eb0 f i DataType.obj
 0001:00000eb0       ?deallocate@?$_Wrap_alloc@V?$allocator@U?$_Tree_node@U?$pair@$$CBIN@std@@PAX@std@@@std@@@std@@QAEXPAU?$_Tree_node@U?$pair@$$CBIN@std@@PAX@2@I@Z 00401eb0 f i DataType.obj
 0001:00000eb0       ?deallocate@?$_Wrap_alloc@V?$allocator@PAV?$basic_string@DU?$char_traits@D@std@@V?$allocator@D@2@@std@@@std@@@std@@QAEXPAPAV?$basic_string@DU?$char_traits@D@std@@V?$allocator@D@2@@2@I@Z 00401eb0 f i DataType.obj
 0001:00000ed0       ??0?$allocator@PAE@std@@QAE@XZ 00401ed0 f i DataType.obj
 0001:00000ed0       ??0?$allocator@U?$pair@$$CBIN@std@@@std@@QAE@XZ 00401ed0 f i DataType.obj
 0001:00000ed0       ??0?$allocator@D@std@@QAE@XZ 00401ed0 f i CEDSGrabberCB.obj
 0001:00000ed0       ??BCRect@@QAEPAUtagRECT@@XZ 00401ed0 f i EndoScopeMFCDlg.obj
 0001:00000ed0       ??0?$allocator@V?$basic_string@DU?$char_traits@D@std@@V?$allocator@D@2@@std@@@std@@QAE@XZ 00401ed0 f i DataType.obj
 0001:00000ed0       ??0CObject@@IAE@XZ         00401ed0 f i EndoScopeMFCDlg.obj
 0001:00000ed0       ??I?$CComPtrBase@UIMoniker@@@ATL@@QAEPAPAUIMoniker@@XZ 00401ed0 f i EDSCapture.obj
 0001:00000ed0       ??0?$allocator@U_Container_proxy@std@@@std@@QAE@XZ 00401ed0 f i DataType.obj
 0001:00000ed0       ??0?$allocator@U?$_Tree_node@U?$pair@$$CBIN@std@@PAX@std@@@std@@QAE@XZ 00401ed0 f i DataType.obj
 0001:00000ed0       ??0?$allocator@U?$_List_node@PAEPAX@std@@@std@@QAE@XZ 00401ed0 f i EndoScopeMFCDlg.obj
 0001:00000ed0       ??0?$allocator@PAUIBaseFilter@@@std@@QAE@XZ 00401ed0 f i EDSCapture.obj
 0001:00000ed0       ??I?$CComPtrBase@UICreateDevEnum@@@ATL@@QAEPAPAUICreateDevEnum@@XZ 00401ed0 f i EDSCapture.obj
 0001:00000ed0       ??I?$CComPtrBase@UIEnumMoniker@@@ATL@@QAEPAPAUIEnumMoniker@@XZ 00401ed0 f i EDSCapture.obj
 0001:00000ed0       ??0IUnknown@@QAE@XZ        00401ed0 f i CEDSGrabberCB.obj
 0001:00000ed0       ??0?$allocator@H@std@@QAE@XZ 00401ed0 f i EndoScopeMFCDlg.obj
 0001:00000ee0       ?_Getal@?$_Deque_alloc@$0A@U?$_Deque_base_types@PAEV?$allocator@PAE@std@@@std@@@std@@QBE?AU?$_Wrap_alloc@V?$allocator@PAE@std@@@2@XZ 00401ee0 f i DataType.obj
 0001:00000ee0       ?_Getal@?$_String_alloc@$0A@U?$_String_base_types@DV?$allocator@D@std@@@std@@@std@@QBE?AU?$_Wrap_alloc@V?$allocator@D@std@@@2@XZ 00401ee0 f i CEDSGrabberCB.obj
 0001:00000ee0       ?_Getal@?$_Deque_alloc@$0A@U?$_Deque_base_types@V?$basic_string@DU?$char_traits@D@std@@V?$allocator@D@2@@std@@V?$allocator@V?$basic_string@DU?$char_traits@D@std@@V?$allocator@D@2@@std@@@2@@std@@@std@@QBE?AU?$_Wrap_alloc@V?$allocator@V?$basic_string@DU?$char_traits@D@std@@V?$allocator@D@2@@std@@@std@@@2@XZ 00401ee0 f i DataType.obj
 0001:00000ee0       ?_Getal@?$_Vector_alloc@$0A@U?$_Vec_base_types@HV?$allocator@H@std@@@std@@@std@@QBE?AU?$_Wrap_alloc@V?$allocator@H@std@@@2@XZ 00401ee0 f i EndoScopeMFCDlg.obj
 0001:00000ee0       ?_Getal@?$_Tree_alloc@$0A@U?$_Tree_base_types@U?$pair@$$CBIN@std@@V?$allocator@U?$pair@$$CBIN@std@@@2@@std@@@std@@QBE?AU?$_Wrap_alloc@V?$allocator@U?$_Tree_node@U?$pair@$$CBIN@std@@PAX@std@@@std@@@2@XZ 00401ee0 f i DataType.obj
 0001:00000ee0       ?_Getal@?$_Vector_alloc@$0A@U?$_Vec_base_types@PAUIBaseFilter@@V?$allocator@PAUIBaseFilter@@@std@@@std@@@std@@QBE?AU?$_Wrap_alloc@V?$allocator@PAUIBaseFilter@@@std@@@2@XZ 00401ee0 f i EDSCapture.obj
 0001:00000ee0       ?_Getal@?$_List_alloc@$0A@U?$_List_base_types@PAEV?$allocator@PAE@std@@@std@@@std@@QBE?AU?$_Wrap_alloc@V?$allocator@U?$_List_node@PAEPAX@std@@@std@@@2@XZ 00401ee0 f i EndoScopeMFCDlg.obj
 0001:00000f00       ?assign@?$char_traits@D@std@@SAXAADABD@Z 00401f00 f i CEDSGrabberCB.obj
 0001:00000f10       ?_Myptr@?$_String_val@U?$_Simple_types@D@std@@@std@@QAEPADXZ 00401f10 f i CEDSGrabberCB.obj
 0001:00000f10       ?_Myptr@?$_String_val@U?$_Simple_types@D@std@@@std@@QBEPBDXZ 00401f10 f i CEDSGrabberCB.obj
 0001:00000f50       ?_Eos@?$basic_string@DU?$char_traits@D@std@@V?$allocator@D@2@@std@@QAEXI@Z 00401f50 f i CEDSGrabberCB.obj
 0001:00000f90       ?_Tidy@?$basic_string@DU?$char_traits@D@std@@V?$allocator@D@2@@std@@QAEX_NI@Z 00401f90 f i CEDSGrabberCB.obj
 0001:00001030       ??1?$basic_string@DU?$char_traits@D@std@@V?$allocator@D@2@@std@@QAE@XZ 00402030 f i CEDSGrabberCB.obj
 0001:00001050       ?state@?$fpos@H@std@@QBEHXZ 00402050 f i EndoScopeMFCDlg.obj
 0001:00001050       ?size@?$basic_string@DU?$char_traits@D@std@@V?$allocator@D@2@@std@@QBEIXZ 00402050 f i CEDSGrabberCB.obj
 0001:00001070       _IsEqualGUID               00402070 f i CEDSGrabberCB.obj
 0001:000010b0       ?_GetBaseClass@Login@@KGPAUCRuntimeClass@@XZ 004020b0 f   Login.obj
 0001:000010b0       ?_GetBaseClass@CSetPSW@@KGPAUCRuntimeClass@@XZ 004020b0 f   CSetPSW.obj
 0001:000010c0       ?GetRuntimeClass@CSetPSW@@UBEPAUCRuntimeClass@@XZ 004020c0 f   CSetPSW.obj
 0001:000010d0       ??0CSetPSW@@QAE@PAVCWnd@@@Z 004020d0 f   CSetPSW.obj
 0001:00001100       ??_GCSetPSW@@UAEPAXI@Z     00402100 f i CSetPSW.obj
 0001:00001100       ??_ECSetPSW@@UAEPAXI@Z     00402100 f i * CIL library *:* CIL module *
 0001:00001130       ??1CDialogEx@@UAE@XZ       00402130 f i CSetPSW.obj
 0001:000011a0       ??1CSetPSW@@UAE@XZ         004021a0 f   CSetPSW.obj
 0001:000011c0       ?DoDataExchange@CSetPSW@@MAEXPAVCDataExchange@@@Z 004021c0 f   CSetPSW.obj
 0001:000011c0       ?DoDataExchange@CEndoScopeMFCDlg@@MAEXPAVCDataExchange@@@Z 004021c0 f   EndoScopeMFCDlg.obj
 0001:000011c0       ?DoDataExchange@CAboutDlg@@MAEXPAVCDataExchange@@@Z 004021c0 f   EndoScopeMFCDlg.obj
 0001:000011e0       ?GetMessageMap@CSetPSW@@MBEPBUAFX_MSGMAP@@XZ 004021e0 f   CSetPSW.obj
 0001:000011f0       ?GetThisMessageMap@CSetPSW@@KGPBUAFX_MSGMAP@@XZ 004021f0 f   CSetPSW.obj
 0001:00001200       ?OnBnClickedOk@CSetPSW@@QAEXXZ 00402200 f   CSetPSW.obj
 0001:00001720       ?noAnorD@CSetPSW@@QAE_NPBD@Z 00402720 f   CSetPSW.obj
 0001:00001790       ??8ATL@@YA_NPBDABV?$CStringT@DV?$StrTraitMFC_DLL@DV?$ChTraitsCRT@D@ATL@@@@@0@@Z 00402790 f i CSetPSW.obj
 0001:000017c0       ??9ATL@@YA_NABV?$CStringT@DV?$StrTraitMFC_DLL@DV?$ChTraitsCRT@D@ATL@@@@@0@0@Z 004027c0 f i CSetPSW.obj
 0001:00001800       ?Create@CDialog@@UAEHIPAVCWnd@@@Z 00402800 f i CSetPSW.obj
 0001:00001820       ?EndModalState@CWnd@@UAEXXZ 00402820 f i CSetPSW.obj
 0001:00001840       ?BeginModalState@CWnd@@UAEXXZ 00402840 f i CSetPSW.obj
 0001:00001860       ??8ATL@@YA_NABV?$CStringT@DV?$StrTraitMFC_DLL@DV?$ChTraitsCRT@D@ATL@@@@@0@0@Z 00402860 f i CSetPSW.obj
 0001:000018a0       ??HATL@@YA?AV?$CStringT@DV?$StrTraitMFC_DLL@DV?$ChTraitsCRT@D@ATL@@@@@0@ABV10@PBD@Z 004028a0 f i CSetPSW.obj
 0001:00001960       ??_GCBrush@@UAEPAXI@Z      00402960 f i CSetPSW.obj
 0001:00001960       ??_ECBrush@@UAEPAXI@Z      00402960 f i * CIL library *:* CIL module *
 0001:00001990       ??_ECGdiObject@@UAEPAXI@Z  00402990 f i * CIL library *:* CIL module *
 0001:00001990       ??_GCGdiObject@@UAEPAXI@Z  00402990 f i CSetPSW.obj
 0001:000019c0       ?AssertValid@CObject@@UBEXXZ 004029c0 f i CSetPSW.obj
 0001:000019c0       ?OnBnClickedButOk@CEndoScopeMFCDlg@@QAEXXZ 004029c0 f i EndoScopeMFCDlg.obj
 0001:000019c0       ??1CObject@@UAE@XZ         004029c0 f i CSetPSW.obj
 0001:000019c0       ??1_InputArray@cv@@QAE@XZ  004029c0 f i EndoScopeMFCDlg.obj
 0001:000019d0       ??1CGdiObject@@UAE@XZ      004029d0 f i CSetPSW.obj
 0001:00001b80       ??1CBrush@@UAE@XZ          00402b80 f i CSetPSW.obj
 0001:00001ba0       ??3CObject@@SGXPAX@Z       00402ba0 f i CSetPSW.obj
 0001:00001bc0       ?__autoclassinit@?$queue@V?$basic_string@DU?$char_traits@D@std@@V?$allocator@D@2@@std@@V?$deque@V?$basic_string@DU?$char_traits@D@std@@V?$allocator@D@2@@std@@V?$allocator@V?$basic_string@DU?$char_traits@D@std@@V?$allocator@D@2@@std@@@2@@2@@std@@QAEXI@Z 00402bc0 f i DataType.obj
 0001:00001bc0       ?__autoclassinit@?$queue@PAEV?$deque@PAEV?$allocator@PAE@std@@@std@@@std@@QAEXI@Z 00402bc0 f i DataType.obj
 0001:00001be0       ??1?$queue@PAEV?$deque@PAEV?$allocator@PAE@std@@@std@@@std@@QAE@XZ 00402be0 f i DataType.obj
 0001:00001c00       ?__autoclassinit@?$deque@V?$basic_string@DU?$char_traits@D@std@@V?$allocator@D@2@@std@@V?$allocator@V?$basic_string@DU?$char_traits@D@std@@V?$allocator@D@2@@std@@@2@@std@@QAEXI@Z 00402c00 f i DataType.obj
 0001:00001c00       ?__autoclassinit@?$deque@PAEV?$allocator@PAE@std@@@std@@QAEXI@Z 00402c00 f i DataType.obj
 0001:00001c20       ?__autoclassinit@CEvent@@QAEXI@Z 00402c20 f i EndoScopeMFCDlg.obj
 0001:00001c20       ?__autoclassinit@CFont@@QAEXI@Z 00402c20 f i EndoScopeMFCDlg.obj
 0001:00001c20       ?__autoclassinit@CRgn@@QAEXI@Z 00402c20 f i EndoScopeMFCDlg.obj
 0001:00001c20       ?__autoclassinit@CBrush@@QAEXI@Z 00402c20 f i EndoScopeMFC.obj
 0001:00001c20       ?__autoclassinit@?$_Deque_alloc@$0A@U?$_Deque_base_types@PAEV?$allocator@PAE@std@@@std@@@std@@QAEXI@Z 00402c20 f i DataType.obj
 0001:00001c20       ?__autoclassinit@?$_Deque_alloc@$0A@U?$_Deque_base_types@V?$basic_string@DU?$char_traits@D@std@@V?$allocator@D@2@@std@@V?$allocator@V?$basic_string@DU?$char_traits@D@std@@V?$allocator@D@2@@std@@@2@@std@@@std@@QAEXI@Z 00402c20 f i DataType.obj
 0001:00001c40       ?__autoclassinit@CGdiObject@@QAEXI@Z 00402c40 f i EndoScopeMFC.obj
 0001:00001c40       ?__autoclassinit@CSyncObject@@QAEXI@Z 00402c40 f i EndoScopeMFCDlg.obj
 0001:00001c40       ?__autoclassinit@?$_Deque_val@U?$_Deque_simple_types@PAE@std@@@std@@QAEXI@Z 00402c40 f i DataType.obj
 0001:00001c40       ?__autoclassinit@?$_Deque_val@U?$_Deque_simple_types@V?$basic_string@DU?$char_traits@D@std@@V?$allocator@D@2@@std@@@std@@@std@@QAEXI@Z 00402c40 f i DataType.obj
 0001:00001c60       ?__autoclassinit@?$map@INU?$less@I@std@@V?$allocator@U?$pair@$$CBIN@std@@@2@@std@@QAEXI@Z 00402c60 f i DataType.obj
 0001:00001c80       ??1?$map@INU?$less@I@std@@V?$allocator@U?$pair@$$CBIN@std@@@2@@std@@QAE@XZ 00402c80 f i DataType.obj
 0001:00001ca0       ?__autoclassinit@?$_Tree@V?$_Tmap_traits@INU?$less@I@std@@V?$allocator@U?$pair@$$CBIN@std@@@2@$0A@@std@@@std@@QAEXI@Z 00402ca0 f i DataType.obj
 0001:00001cc0       ?__autoclassinit@?$_Tree_comp@$0A@V?$_Tmap_traits@INU?$less@I@std@@V?$allocator@U?$pair@$$CBIN@std@@@2@$0A@@std@@@std@@QAEXI@Z 00402cc0 f i DataType.obj
 0001:00001cc0       ?__autoclassinit@?$list@PAEV?$allocator@PAE@std@@@std@@QAEXI@Z 00402cc0 f i EndoScopeMFC.obj
 0001:00001ce0       ?__autoclassinit@?$_List_buy@PAEV?$allocator@PAE@std@@@std@@QAEXI@Z 00402ce0 f i EndoScopeMFC.obj
 0001:00001ce0       ?__autoclassinit@?$_Tree_buy@U?$pair@$$CBIN@std@@V?$allocator@U?$pair@$$CBIN@std@@@2@@std@@QAEXI@Z 00402ce0 f i DataType.obj
 0001:00001ce0       ?__autoclassinit@?$CComQIPtr@UIBaseFilter@@$1?IID_IBaseFilter@@3U_GUID@@B@ATL@@QAEXI@Z 00402ce0 f i EDSCapture.obj
 0001:00001d00       ?__autoclassinit@?$CComPtr@UIMoniker@@@ATL@@QAEXI@Z 00402d00 f i EDSCapture.obj
 0001:00001d00       ?__autoclassinit@?$_List_alloc@$0A@U?$_List_base_types@PAEV?$allocator@PAE@std@@@std@@@std@@QAEXI@Z 00402d00 f i EndoScopeMFC.obj
 0001:00001d00       ?__autoclassinit@?$_List_const_iterator@V?$_List_val@U?$_List_simple_types@PAE@std@@@std@@@std@@QAEXI@Z 00402d00 f i EndoScopeMFCDlg.obj
 0001:00001d00       ?__autoclassinit@?$CComPtr@UISampleGrabber@@@ATL@@QAEXI@Z 00402d00 f i EndoScopeMFC.obj
 0001:00001d00       ?__autoclassinit@?$CComPtr@UIBaseFilter@@@ATL@@QAEXI@Z 00402d00 f i EDSCapture.obj
 0001:00001d00       ?__autoclassinit@?$_Tree_const_iterator@V?$_Tree_val@U?$_Tree_simple_types@U?$pair@$$CBIN@std@@@std@@@std@@@std@@QAEXI@Z 00402d00 f i DataType.obj
 0001:00001d00       ?__autoclassinit@?$CComPtr@UICreateDevEnum@@@ATL@@QAEXI@Z 00402d00 f i EDSCapture.obj
 0001:00001d00       ?__autoclassinit@?$CComPtr@UIEnumMoniker@@@ATL@@QAEXI@Z 00402d00 f i EDSCapture.obj
 0001:00001d00       ?__autoclassinit@?$_Tree_alloc@$0A@U?$_Tree_base_types@U?$pair@$$CBIN@std@@V?$allocator@U?$pair@$$CBIN@std@@@2@@std@@@std@@QAEXI@Z 00402d00 f i DataType.obj
 0001:00001d20       ?__autoclassinit@?$CComPtrBase@UIEnumMoniker@@@ATL@@QAEXI@Z 00402d20 f i EDSCapture.obj
 0001:00001d20       ?__autoclassinit@?$CComPtrBase@UIMoniker@@@ATL@@QAEXI@Z 00402d20 f i EDSCapture.obj
 0001:00001d20       ?__autoclassinit@?$CComPtrBase@UICreateDevEnum@@@ATL@@QAEXI@Z 00402d20 f i EDSCapture.obj
 0001:00001d20       ?__autoclassinit@?$_List_unchecked_const_iterator@V?$_List_val@U?$_List_simple_types@PAE@std@@@std@@U_Iterator_base0@2@@std@@QAEXI@Z 00402d20 f i EndoScopeMFCDlg.obj
 0001:00001d20       ?__autoclassinit@?$_List_val@U?$_List_simple_types@PAE@std@@@std@@QAEXI@Z 00402d20 f i EndoScopeMFC.obj
 0001:00001d20       ?__autoclassinit@?$CComPtrBase@UIBaseFilter@@@ATL@@QAEXI@Z 00402d20 f i EDSCapture.obj
 0001:00001d20       ?__autoclassinit@?$CComPtrBase@UISampleGrabber@@@ATL@@QAEXI@Z 00402d20 f i EndoScopeMFC.obj
 0001:00001d20       ?__autoclassinit@?$_Tree_unchecked_const_iterator@V?$_Tree_val@U?$_Tree_simple_types@U?$pair@$$CBIN@std@@@std@@@std@@U_Iterator_base0@2@@std@@QAEXI@Z 00402d20 f i DataType.obj
 0001:00001d20       ?__autoclassinit@?$_Tree_val@U?$_Tree_simple_types@U?$pair@$$CBIN@std@@@std@@@std@@QAEXI@Z 00402d20 f i DataType.obj
 0001:00001d40       ??1?$queue@V?$basic_string@DU?$char_traits@D@std@@V?$allocator@D@2@@std@@V?$deque@V?$basic_string@DU?$char_traits@D@std@@V?$allocator@D@2@@std@@V?$allocator@V?$basic_string@DU?$char_traits@D@std@@V?$allocator@D@2@@std@@@2@@2@@std@@QAE@XZ 00402d40 f i DataType.obj
 0001:00001d80       ?ReadConfig@@YA_NXZ        00402d80 f   DataType.obj
 0001:000023b0       ?SetConfig@@YAXV?$CStringT@DV?$StrTraitMFC_DLL@DV?$ChTraitsCRT@D@ATL@@@@@ATL@@N@Z 004033b0 f   DataType.obj
 0001:00002510       ?ReturnPath@@YA?AV?$CStringT@DV?$StrTraitMFC_DLL@DV?$ChTraitsCRT@D@ATL@@@@@ATL@@XZ 00403510 f   DataType.obj
 0001:00002600       ??9ATL@@YA_NABV?$CStringT@DV?$StrTraitMFC_DLL@DV?$ChTraitsCRT@D@ATL@@@@@0@PBD@Z 00403600 f i DataType.obj
 0001:00002630       ??0?$queue@V?$basic_string@DU?$char_traits@D@std@@V?$allocator@D@2@@std@@V?$deque@V?$basic_string@DU?$char_traits@D@std@@V?$allocator@D@2@@std@@V?$allocator@V?$basic_string@DU?$char_traits@D@std@@V?$allocator@D@2@@std@@@2@@2@@std@@QAE@XZ 00403630 f i DataType.obj
 0001:00002630       ??0?$queue@PAEV?$deque@PAEV?$allocator@PAE@std@@@std@@@std@@QAE@XZ 00403630 f i DataType.obj
 0001:00002650       ??1?$deque@PAEV?$allocator@PAE@std@@@std@@QAE@XZ 00403650 f i DataType.obj
 0001:00002670       ??0?$map@INU?$less@I@std@@V?$allocator@U?$pair@$$CBIN@std@@@2@@std@@QAE@XZ 00403670 f i DataType.obj
 0001:000026a0       ??1?$_Tree@V?$_Tmap_traits@INU?$less@I@std@@V?$allocator@U?$pair@$$CBIN@std@@@2@$0A@@std@@@std@@QAE@XZ 004036a0 f i DataType.obj
 0001:000026c0       ?push@?$queue@V?$basic_string@DU?$char_traits@D@std@@V?$allocator@D@2@@std@@V?$deque@V?$basic_string@DU?$char_traits@D@std@@V?$allocator@D@2@@std@@V?$allocator@V?$basic_string@DU?$char_traits@D@std@@V?$allocator@D@2@@std@@@2@@2@@std@@QAEXABV?$basic_string@DU?$char_traits@D@std@@V?$allocator@D@2@@2@@Z 004036c0 f i DataType.obj
 0001:000026e0       ??1?$deque@V?$basic_string@DU?$char_traits@D@std@@V?$allocator@D@2@@std@@V?$allocator@V?$basic_string@DU?$char_traits@D@std@@V?$allocator@D@2@@std@@@2@@std@@QAE@XZ 004036e0 f i DataType.obj
 0001:00002700       ??0?$CA2AEX@$0IA@@ATL@@QAE@PBD@Z 00403700 f i DataType.obj
 0001:00002730       ??1?$CA2AEX@$0IA@@ATL@@QAE@XZ 00403730 f i DataType.obj
 0001:00002760       ??1?$_Tree_comp@$0A@V?$_Tmap_traits@INU?$less@I@std@@V?$allocator@U?$pair@$$CBIN@std@@@2@$0A@@std@@@std@@QAE@XZ 00403760 f i DataType.obj
 0001:00002780       ??1?$_Tree_buy@U?$pair@$$CBIN@std@@V?$allocator@U?$pair@$$CBIN@std@@@2@@std@@QAE@XZ 00403780 f i DataType.obj
 0001:000027a0       ??0?$deque@V?$basic_string@DU?$char_traits@D@std@@V?$allocator@D@2@@std@@V?$allocator@V?$basic_string@DU?$char_traits@D@std@@V?$allocator@D@2@@std@@@2@@std@@QAE@XZ 004037a0 f i DataType.obj
 0001:000027a0       ??0?$deque@PAEV?$allocator@PAE@std@@@std@@QAE@XZ 004037a0 f i DataType.obj
 0001:000027d0       ?_Tidy@?$deque@PAEV?$allocator@PAE@std@@@std@@IAEXXZ 004037d0 f i DataType.obj
 0001:000028c0       ??1?$_Deque_alloc@$0A@U?$_Deque_base_types@V?$basic_string@DU?$char_traits@D@std@@V?$allocator@D@2@@std@@V?$allocator@V?$basic_string@DU?$char_traits@D@std@@V?$allocator@D@2@@std@@@2@@std@@@std@@QAE@XZ 004038c0 f i DataType.obj
 0001:000028c0       ??1?$_Deque_alloc@$0A@U?$_Deque_base_types@PAEV?$allocator@PAE@std@@@std@@@std@@QAE@XZ 004038c0 f i DataType.obj
 0001:000028e0       ??0?$_Tree@V?$_Tmap_traits@INU?$less@I@std@@V?$allocator@U?$pair@$$CBIN@std@@@2@$0A@@std@@@std@@QAE@ABU?$less@I@1@ABV?$allocator@U?$pair@$$CBIN@std@@@1@@Z 004038e0 f i DataType.obj
 0001:00002900       ?_Tidy@?$_Tree@V?$_Tmap_traits@INU?$less@I@std@@V?$allocator@U?$pair@$$CBIN@std@@@2@$0A@@std@@@std@@IAEXXZ 00403900 f i DataType.obj
 0001:00002950       ??1?$_Tree_alloc@$0A@U?$_Tree_base_types@U?$pair@$$CBIN@std@@V?$allocator@U?$pair@$$CBIN@std@@@2@@std@@@std@@QAE@XZ 00403950 f i DataType.obj
 0001:00002970       ?push_back@?$deque@V?$basic_string@DU?$char_traits@D@std@@V?$allocator@D@2@@std@@V?$allocator@V?$basic_string@DU?$char_traits@D@std@@V?$allocator@D@2@@std@@@2@@std@@QAEXABV?$basic_string@DU?$char_traits@D@std@@V?$allocator@D@2@@2@@Z 00403970 f i DataType.obj
 0001:00002a70       ?_Tidy@?$deque@V?$basic_string@DU?$char_traits@D@std@@V?$allocator@D@2@@std@@V?$allocator@V?$basic_string@DU?$char_traits@D@std@@V?$allocator@D@2@@std@@@2@@std@@IAEXXZ 00403a70 f i DataType.obj
 0001:00002b60       ?Init@?$CA2AEX@$0IA@@ATL@@AAEXPBD@Z 00403b60 f i DataType.obj
 0001:00002bf0       ??1?$_Deque_val@U?$_Deque_simple_types@V?$basic_string@DU?$char_traits@D@std@@V?$allocator@D@2@@std@@@std@@@std@@QAE@XZ 00403bf0 f i DataType.obj
 0001:00002bf0       ??1?$_Deque_val@U?$_Deque_simple_types@PAE@std@@@std@@QAE@XZ 00403bf0 f i DataType.obj
 0001:00002c10       ?empty@?$deque@V?$basic_string@DU?$char_traits@D@std@@V?$allocator@D@2@@std@@V?$allocator@V?$basic_string@DU?$char_traits@D@std@@V?$allocator@D@2@@std@@@2@@std@@QBE_NXZ 00403c10 f i DataType.obj
 0001:00002c10       ?empty@?$basic_string@DU?$char_traits@D@std@@V?$allocator@D@2@@std@@QBE_NXZ 00403c10 f i EndoScopeMFCDlg.obj
 0001:00002c10       ?empty@?$deque@PAEV?$allocator@PAE@std@@@std@@QBE_NXZ 00403c10 f i DataType.obj
 0001:00002c40       ?pop_back@?$deque@PAEV?$allocator@PAE@std@@@std@@QAEXXZ 00403c40 f i DataType.obj
 0001:00002ce0       ??0?$_Deque_alloc@$0A@U?$_Deque_base_types@PAEV?$allocator@PAE@std@@@std@@@std@@QAE@ABV?$allocator@PAE@1@@Z 00403ce0 f i DataType.obj
 0001:00002ce0       ??0?$_Deque_alloc@$0A@U?$_Deque_base_types@V?$basic_string@DU?$char_traits@D@std@@V?$allocator@D@2@@std@@V?$allocator@V?$basic_string@DU?$char_traits@D@std@@V?$allocator@D@2@@std@@@2@@std@@@std@@QAE@ABV?$allocator@V?$basic_string@DU?$char_traits@D@std@@V?$allocator@D@2@@std@@@1@@Z 00403ce0 f i DataType.obj
 0001:00002d40       ?_Free_proxy@?$_Deque_alloc@$0A@U?$_Deque_base_types@PAEV?$allocator@PAE@std@@@std@@@std@@QAEXXZ 00403d40 f i DataType.obj
 0001:00002d40       ?_Free_proxy@?$_Deque_alloc@$0A@U?$_Deque_base_types@V?$basic_string@DU?$char_traits@D@std@@V?$allocator@D@2@@std@@V?$allocator@V?$basic_string@DU?$char_traits@D@std@@V?$allocator@D@2@@std@@@2@@std@@@std@@QAEXXZ 00403d40 f i DataType.obj
 0001:00002da0       ?begin@?$_Tree@V?$_Tmap_traits@INU?$less@I@std@@V?$allocator@U?$pair@$$CBIN@std@@@2@$0A@@std@@@std@@QAE?AV?$_Tree_iterator@V?$_Tree_val@U?$_Tree_simple_types@U?$pair@$$CBIN@std@@@std@@@std@@@2@XZ 00403da0 f i DataType.obj
 0001:00002dd0       ?end@?$_Tree@V?$_Tmap_traits@INU?$less@I@std@@V?$allocator@U?$pair@$$CBIN@std@@@2@$0A@@std@@@std@@QAE?AV?$_Tree_iterator@V?$_Tree_val@U?$_Tree_simple_types@U?$pair@$$CBIN@std@@@std@@@std@@@2@XZ 00403dd0 f i DataType.obj
 0001:00002e00       ?erase@?$_Tree@V?$_Tmap_traits@INU?$less@I@std@@V?$allocator@U?$pair@$$CBIN@std@@@2@$0A@@std@@@std@@QAE?AV?$_Tree_iterator@V?$_Tree_val@U?$_Tree_simple_types@U?$pair@$$CBIN@std@@@std@@@std@@@2@V?$_Tree_const_iterator@V?$_Tree_val@U?$_Tree_simple_types@U?$pair@$$CBIN@std@@@std@@@std@@@2@0@Z 00403e00 f i DataType.obj
 0001:00002eb0       ??0?$_Tree_comp@$0A@V?$_Tmap_traits@INU?$less@I@std@@V?$allocator@U?$pair@$$CBIN@std@@@2@$0A@@std@@@std@@QAE@ABU?$less@I@1@ABV?$allocator@U?$pair@$$CBIN@std@@@1@@Z 00403eb0 f i DataType.obj
 0001:00002ed0       ?_Freenode@?$_List_buy@PAEV?$allocator@PAE@std@@@std@@QAEXPAU?$_List_node@PAEPAX@2@@Z 00403ed0 f i EndoScopeMFCDlg.obj
 0001:00002ed0       ?_Freeheadnode@?$_Tree_alloc@$0A@U?$_Tree_base_types@U?$pair@$$CBIN@std@@V?$allocator@U?$pair@$$CBIN@std@@@2@@std@@@std@@QAEXPAU?$_Tree_node@U?$pair@$$CBIN@std@@PAX@2@@Z 00403ed0 f i DataType.obj
 0001:00002f80       ?pop_back@?$deque@V?$basic_string@DU?$char_traits@D@std@@V?$allocator@D@2@@std@@V?$allocator@V?$basic_string@DU?$char_traits@D@std@@V?$allocator@D@2@@std@@@2@@std@@QAEXXZ 00403f80 f i DataType.obj
 0001:00003020       ?_Growmap@?$deque@V?$basic_string@DU?$char_traits@D@std@@V?$allocator@D@2@@std@@V?$allocator@V?$basic_string@DU?$char_traits@D@std@@V?$allocator@D@2@@std@@@2@@std@@IAEXI@Z 00404020 f i DataType.obj
 0001:00003240       ?allocate@?$_Wrap_alloc@V?$allocator@V?$basic_string@DU?$char_traits@D@std@@V?$allocator@D@2@@std@@@std@@@std@@QAEPAV?$basic_string@DU?$char_traits@D@std@@V?$allocator@D@2@@2@I@Z 00404240 f i DataType.obj
 0001:00003260       ?_Getblock@?$_Deque_val@U?$_Deque_simple_types@V?$basic_string@DU?$char_traits@D@std@@V?$allocator@D@2@@std@@@std@@@std@@QBEII@Z 00404260 f i DataType.obj
 0001:00003280       ?_Alloc_proxy@?$_Deque_alloc@$0A@U?$_Deque_base_types@PAEV?$allocator@PAE@std@@@std@@@std@@QAEXXZ 00404280 f i DataType.obj
 0001:00003280       ?_Alloc_proxy@?$_Deque_alloc@$0A@U?$_Deque_base_types@V?$basic_string@DU?$char_traits@D@std@@V?$allocator@D@2@@std@@V?$allocator@V?$basic_string@DU?$char_traits@D@std@@V?$allocator@D@2@@std@@@2@@std@@@std@@QAEXXZ 00404280 f i DataType.obj
 0001:000032e0       ??0?$_Deque_val@U?$_Deque_simple_types@V?$basic_string@DU?$char_traits@D@std@@V?$allocator@D@2@@std@@@std@@@std@@QAE@XZ 004042e0 f i DataType.obj
 0001:000032e0       ??0?$_Deque_val@U?$_Deque_simple_types@PAE@std@@@std@@QAE@XZ 004042e0 f i DataType.obj
 0001:00003320       ?_Getblock@?$_Deque_val@U?$_Deque_simple_types@PAE@std@@@std@@QBEII@Z 00404320 f i DataType.obj
 0001:00003340       ?erase@?$_Tree@V?$_Tmap_traits@INU?$less@I@std@@V?$allocator@U?$pair@$$CBIN@std@@@2@$0A@@std@@@std@@QAE?AV?$_Tree_iterator@V?$_Tree_val@U?$_Tree_simple_types@U?$pair@$$CBIN@std@@@std@@@std@@@2@V?$_Tree_const_iterator@V?$_Tree_val@U?$_Tree_simple_types@U?$pair@$$CBIN@std@@@std@@@std@@@2@@Z 00404340 f i DataType.obj
 0001:00003ae0       ?clear@?$_Tree@V?$_Tmap_traits@INU?$less@I@std@@V?$allocator@U?$pair@$$CBIN@std@@@2@$0A@@std@@@std@@QAEXXZ 00404ae0 f i DataType.obj
 0001:00003b40       ?_Lmost@?$_Tree@V?$_Tmap_traits@INU?$less@I@std@@V?$allocator@U?$pair@$$CBIN@std@@@2@$0A@@std@@@std@@IBEAAPAU?$_Tree_node@U?$pair@$$CBIN@std@@PAX@2@XZ 00404b40 f i DataType.obj
 0001:00003b60       ??0?$_Tree_buy@U?$pair@$$CBIN@std@@V?$allocator@U?$pair@$$CBIN@std@@@2@@std@@QAE@ABV?$allocator@U?$pair@$$CBIN@std@@@1@@Z 00404b60 f i DataType.obj
 0001:00003b80       ?_Prevnode@?$_List_val@U?$_List_simple_types@PAE@std@@@std@@SAAAPAU?$_List_node@PAEPAX@2@PAU32@@Z 00404b80 f i EndoScopeMFCDlg.obj
 0001:00003b80       ?_Parent@?$_Tree_val@U?$_Tree_simple_types@U?$pair@$$CBIN@std@@@std@@@std@@SAAAPAU?$_Tree_node@U?$pair@$$CBIN@std@@PAX@2@PAU32@@Z 00404b80 f i DataType.obj
 0001:00003b90       ?_Myval@?$_List_val@U?$_List_simple_types@PAE@std@@@std@@SAAAPAEPAU?$_List_node@PAEPAX@2@@Z 00404b90 f i EndoScopeMFCDlg.obj
 0001:00003b90       ?_Right@?$_Tree_val@U?$_Tree_simple_types@U?$pair@$$CBIN@std@@@std@@@std@@SAAAPAU?$_Tree_node@U?$pair@$$CBIN@std@@PAX@2@PAU32@@Z 00404b90 f i DataType.obj
 0001:00003ba0       ?max_size@?$deque@V?$basic_string@DU?$char_traits@D@std@@V?$allocator@D@2@@std@@V?$allocator@V?$basic_string@DU?$char_traits@D@std@@V?$allocator@D@2@@std@@@2@@std@@QBEIXZ 00404ba0 f i DataType.obj
 0001:00003bc0       ?_Xlen@?$deque@V?$basic_string@DU?$char_traits@D@std@@V?$allocator@D@2@@std@@V?$allocator@V?$basic_string@DU?$char_traits@D@std@@V?$allocator@D@2@@std@@@2@@std@@IBEXXZ 00404bc0 f i DataType.obj
 0001:00003be0       ?allocate@?$allocator@V?$basic_string@DU?$char_traits@D@std@@V?$allocator@D@2@@std@@@std@@QAEPAV?$basic_string@DU?$char_traits@D@std@@V?$allocator@D@2@@2@I@Z 00404be0 f i DataType.obj
 0001:00003c00       ?allocate@?$_Wrap_alloc@V?$allocator@PAV?$basic_string@DU?$char_traits@D@std@@V?$allocator@D@2@@std@@@std@@@std@@QAEPAPAV?$basic_string@DU?$char_traits@D@std@@V?$allocator@D@2@@2@I@Z 00404c00 f i DataType.obj
 0001:00003c20       ??0?$_Tree_iterator@V?$_Tree_val@U?$_Tree_simple_types@U?$pair@$$CBIN@std@@@std@@@std@@@std@@QAE@PAU?$_Tree_node@U?$pair@$$CBIN@std@@PAX@1@PBV?$_Tree_val@U?$_Tree_simple_types@U?$pair@$$CBIN@std@@@std@@@1@@Z 00404c20 f i DataType.obj
 0001:00003c20       ??0?$_List_iterator@V?$_List_val@U?$_List_simple_types@PAE@std@@@std@@@std@@QAE@PAU?$_List_node@PAEPAX@1@PBV?$_List_val@U?$_List_simple_types@PAE@std@@@1@@Z 00404c20 f i EndoScopeMFCDlg.obj
 0001:00003c40       ??E?$_Tree_const_iterator@V?$_Tree_val@U?$_Tree_simple_types@U?$pair@$$CBIN@std@@@std@@@std@@@std@@QAE?AV01@H@Z 00404c40 f i DataType.obj
 0001:00003c90       ??8?$_Tree_const_iterator@V?$_Tree_val@U?$_Tree_simple_types@U?$pair@$$CBIN@std@@@std@@@std@@@std@@QBE_NABV01@@Z 00404c90 f i DataType.obj
 0001:00003cc0       ??9?$_Tree_const_iterator@V?$_Tree_val@U?$_Tree_simple_types@U?$pair@$$CBIN@std@@@std@@@std@@@std@@QBE_NABV01@@Z 00404cc0 f i DataType.obj
 0001:00003d00       ?_Erase@?$_Tree@V?$_Tmap_traits@INU?$less@I@std@@V?$allocator@U?$pair@$$CBIN@std@@@2@$0A@@std@@@std@@IAEXPAU?$_Tree_node@U?$pair@$$CBIN@std@@PAX@2@@Z 00404d00 f i DataType.obj
 0001:00003da0       ?_Lrotate@?$_Tree@V?$_Tmap_traits@INU?$less@I@std@@V?$allocator@U?$pair@$$CBIN@std@@@2@$0A@@std@@@std@@IAEXPAU?$_Tree_node@U?$pair@$$CBIN@std@@PAX@2@@Z 00404da0 f i DataType.obj
 0001:00003ed0       ?_Rmost@?$_Tree@V?$_Tmap_traits@INU?$less@I@std@@V?$allocator@U?$pair@$$CBIN@std@@@2@$0A@@std@@@std@@IBEAAPAU?$_Tree_node@U?$pair@$$CBIN@std@@PAX@2@XZ 00404ed0 f i DataType.obj
 0001:00003ed0       ??D?$_List_const_iterator@V?$_List_val@U?$_List_simple_types@PAE@std@@@std@@@std@@QBEABQAEXZ 00404ed0 f i EndoScopeMFCDlg.obj
 0001:00003ef0       ?_Root@?$_Tree@V?$_Tmap_traits@INU?$less@I@std@@V?$allocator@U?$pair@$$CBIN@std@@@2@$0A@@std@@@std@@IBEAAPAU?$_Tree_node@U?$pair@$$CBIN@std@@PAX@2@XZ 00404ef0 f i DataType.obj
 0001:00003f10       ?_Rrotate@?$_Tree@V?$_Tmap_traits@INU?$less@I@std@@V?$allocator@U?$pair@$$CBIN@std@@@2@$0A@@std@@@std@@IAEXPAU?$_Tree_node@U?$pair@$$CBIN@std@@PAX@2@@Z 00404f10 f i DataType.obj
 0001:00004040       ??0?$_Tree_alloc@$0A@U?$_Tree_base_types@U?$pair@$$CBIN@std@@V?$allocator@U?$pair@$$CBIN@std@@@2@@std@@@std@@QAE@ABV?$allocator@U?$pair@$$CBIN@std@@@1@@Z 00405040 f i DataType.obj
 0001:00004070       ?_Color@?$_Tree_val@U?$_Tree_simple_types@U?$pair@$$CBIN@std@@@std@@@std@@SAAADPAU?$_Tree_node@U?$pair@$$CBIN@std@@PAX@2@@Z 00405070 f i DataType.obj
 0001:00004080       ?_Isnil@?$_Tree_val@U?$_Tree_simple_types@U?$pair@$$CBIN@std@@@std@@@std@@SAAADPAU?$_Tree_node@U?$pair@$$CBIN@std@@PAX@2@@Z 00405080 f i DataType.obj
 0001:00004090       ?_Myval@?$_Tree_val@U?$_Tree_simple_types@U?$pair@$$CBIN@std@@@std@@@std@@SAAAU?$pair@$$CBIN@2@PAU?$_Tree_node@U?$pair@$$CBIN@std@@PAX@2@@Z 00405090 f i DataType.obj
 0001:000040a0       ?_Max@?$_Tree_val@U?$_Tree_simple_types@U?$pair@$$CBIN@std@@@std@@@std@@SAPAU?$_Tree_node@U?$pair@$$CBIN@std@@PAX@2@PAU32@@Z 004050a0 f i DataType.obj
 0001:000040e0       ?_Min@?$_Tree_val@U?$_Tree_simple_types@U?$pair@$$CBIN@std@@@std@@@std@@SAPAU?$_Tree_node@U?$pair@$$CBIN@std@@PAX@2@PAU32@@Z 004050e0 f i DataType.obj
 0001:00004120       ?max_size@?$_Wrap_alloc@V?$allocator@V?$basic_string@DU?$char_traits@D@std@@V?$allocator@D@2@@std@@@std@@@std@@QBEIXZ 00405120 f i DataType.obj
 0001:00004140       ?allocate@?$allocator@PAV?$basic_string@DU?$char_traits@D@std@@V?$allocator@D@2@@std@@@std@@QAEPAPAV?$basic_string@DU?$char_traits@D@std@@V?$allocator@D@2@@2@I@Z 00405140 f i DataType.obj
 0001:00004160       ??0?$_List_const_iterator@V?$_List_val@U?$_List_simple_types@PAE@std@@@std@@@std@@QAE@PAU?$_List_node@PAEPAX@1@PBV?$_List_val@U?$_List_simple_types@PAE@std@@@1@@Z 00405160 f i EndoScopeMFCDlg.obj
 0001:00004160       ??0?$_List_unchecked_iterator@V?$_List_val@U?$_List_simple_types@PAE@std@@@std@@@std@@QAE@PAU?$_List_node@PAEPAX@1@PBV?$_List_val@U?$_List_simple_types@PAE@std@@@1@@Z 00405160 f i EndoScopeMFCDlg.obj
 0001:00004160       ??0?$_Tree_const_iterator@V?$_Tree_val@U?$_Tree_simple_types@U?$pair@$$CBIN@std@@@std@@@std@@@std@@QAE@PAU?$_Tree_node@U?$pair@$$CBIN@std@@PAX@1@PBV?$_Tree_val@U?$_Tree_simple_types@U?$pair@$$CBIN@std@@@std@@@1@@Z 00405160 f i DataType.obj
 0001:00004180       ??E?$_Tree_const_iterator@V?$_Tree_val@U?$_Tree_simple_types@U?$pair@$$CBIN@std@@@std@@@std@@@std@@QAEAAV01@XZ 00405180 f i DataType.obj
 0001:000041a0       ?allocate@?$_Wrap_alloc@V?$allocator@U_Container_proxy@std@@@std@@@std@@QAEPAU_Container_proxy@2@I@Z 004051a0 f i DataType.obj
 0001:000041c0       ?_Buyheadnode@?$_Tree_alloc@$0A@U?$_Tree_base_types@U?$pair@$$CBIN@std@@V?$allocator@U?$pair@$$CBIN@std@@@2@@std@@@std@@QAEPAU?$_Tree_node@U?$pair@$$CBIN@std@@PAX@2@XZ 004051c0 f i DataType.obj
 0001:00004330       ??0_Container_proxy@std@@QAE@XZ 00405330 f i DataType.obj
 0001:00004330       ??0?$_List_val@U?$_List_simple_types@PAE@std@@@std@@QAE@XZ 00405330 f i EndoScopeMFCDlg.obj
 0001:00004330       ??0?$_Tree_val@U?$_Tree_simple_types@U?$pair@$$CBIN@std@@@std@@@std@@QAE@XZ 00405330 f i DataType.obj
 0001:00004330       ??0CPoint@@QAE@XZ          00405330 f i EndoScopeMFCDlg.obj
 0001:00004330       ??0?$Size_@H@cv@@QAE@XZ    00405330 f i EndoScopeMFCDlg.obj
 0001:00004360       ?max_size@?$allocator_traits@V?$allocator@V?$basic_string@DU?$char_traits@D@std@@V?$allocator@D@2@@std@@@std@@@std@@SAIABV?$allocator@V?$basic_string@DU?$char_traits@D@std@@V?$allocator@D@2@@std@@@2@@Z 00405360 f i DataType.obj
 0001:00004370       ??0?$_List_unchecked_const_iterator@V?$_List_val@U?$_List_simple_types@PAE@std@@@std@@U_Iterator_base0@2@@std@@QAE@PAU?$_List_node@PAEPAX@1@PBV?$_List_val@U?$_List_simple_types@PAE@std@@@1@@Z 00405370 f i EndoScopeMFCDlg.obj
 0001:00004370       ??0?$_Tree_unchecked_const_iterator@V?$_Tree_val@U?$_Tree_simple_types@U?$pair@$$CBIN@std@@@std@@@std@@U_Iterator_base0@2@@std@@QAE@PAU?$_Tree_node@U?$pair@$$CBIN@std@@PAX@1@PBV?$_Tree_val@U?$_Tree_simple_types@U?$pair@$$CBIN@std@@@std@@@1@@Z 00405370 f i DataType.obj
 0001:000043a0       ??E?$_Tree_unchecked_const_iterator@V?$_Tree_val@U?$_Tree_simple_types@U?$pair@$$CBIN@std@@@std@@@std@@U_Iterator_base0@2@@std@@QAEAAV01@XZ 004053a0 f i DataType.obj
 0001:00004460       ?allocate@?$allocator@U_Container_proxy@std@@@std@@QAEPAU_Container_proxy@2@I@Z 00405460 f i DataType.obj
 0001:00004480       ?allocate@?$_Wrap_alloc@V?$allocator@U?$_Tree_node@U?$pair@$$CBIN@std@@PAX@std@@@std@@@std@@QAEPAU?$_Tree_node@U?$pair@$$CBIN@std@@PAX@2@I@Z 00405480 f i DataType.obj
 0001:000044a0       ?max_size@?$allocator@V?$basic_string@DU?$char_traits@D@std@@V?$allocator@D@2@@std@@@std@@QBEIXZ 004054a0 f i DataType.obj
 0001:000044b0       ?allocate@?$allocator@U?$_Tree_node@U?$pair@$$CBIN@std@@PAX@std@@@std@@QAEPAU?$_Tree_node@U?$pair@$$CBIN@std@@PAX@2@I@Z 004054b0 f i DataType.obj
 0001:000044d0       ??$?0U?$_Wrap_alloc@V?$allocator@V?$basic_string@DU?$char_traits@D@std@@V?$allocator@D@2@@std@@@std@@@std@@@?$_Wrap_alloc@V?$allocator@PAV?$basic_string@DU?$char_traits@D@std@@V?$allocator@D@2@@std@@@std@@@std@@QAE@ABU?$_Wrap_alloc@V?$allocator@V?$basic_string@DU?$char_traits@D@std@@V?$allocator@D@2@@std@@@std@@@1@@Z 004054d0 f i DataType.obj
 0001:000044d0       ??$?0U?$_Wrap_alloc@V?$allocator@PAE@std@@@std@@@?$_Wrap_alloc@V?$allocator@PAPAE@std@@@std@@QAE@ABU?$_Wrap_alloc@V?$allocator@PAE@std@@@1@@Z 004054d0 f i DataType.obj
 0001:000044d0       ??0?$_Wrap_alloc@V?$allocator@D@std@@@std@@QAE@ABV?$allocator@D@1@@Z 004054d0 f i DataType.obj
 0001:000044f0       ??$construct@V?$basic_string@DU?$char_traits@D@std@@V?$allocator@D@2@@std@@ABV12@@?$_Wrap_alloc@V?$allocator@V?$basic_string@DU?$char_traits@D@std@@V?$allocator@D@2@@std@@@std@@@std@@QAEXPAV?$basic_string@DU?$char_traits@D@std@@V?$allocator@D@2@@1@ABV21@@Z 004054f0 f i DataType.obj
 0001:00004520       ??$destroy@V?$basic_string@DU?$char_traits@D@std@@V?$allocator@D@2@@std@@@?$_Wrap_alloc@V?$allocator@V?$basic_string@DU?$char_traits@D@std@@V?$allocator@D@2@@std@@@std@@@std@@QAEXPAV?$basic_string@DU?$char_traits@D@std@@V?$allocator@D@2@@1@@Z 00405520 f i DataType.obj
 0001:00004540       ??$_Uninitialized_copy@PAPAV?$basic_string@DU?$char_traits@D@std@@V?$allocator@D@2@@std@@PAPAV12@U?$_Wrap_alloc@V?$allocator@PAV?$basic_string@DU?$char_traits@D@std@@V?$allocator@D@2@@std@@@std@@@2@@std@@YAPAPAV?$basic_string@DU?$char_traits@D@std@@V?$allocator@D@2@@0@PAPAV10@00AAU?$_Wrap_alloc@V?$allocator@PAV?$basic_string@DU?$char_traits@D@std@@V?$allocator@D@2@@std@@@std@@@0@@Z 00405540 f i DataType.obj
 0001:00004580       ??$_Uninitialized_default_fill_n@PAPAV?$basic_string@DU?$char_traits@D@std@@V?$allocator@D@2@@std@@IU?$_Wrap_alloc@V?$allocator@PAV?$basic_string@DU?$char_traits@D@std@@V?$allocator@D@2@@std@@@std@@@2@@std@@YAXPAPAV?$basic_string@DU?$char_traits@D@std@@V?$allocator@D@2@@0@IAAU?$_Wrap_alloc@V?$allocator@PAV?$basic_string@DU?$char_traits@D@std@@V?$allocator@D@2@@std@@@std@@@0@@Z 00405580 f i DataType.obj
 0001:000045d0       ??$_Destroy_range@U?$_Wrap_alloc@V?$allocator@H@std@@@std@@@std@@YAXPAH0AAU?$_Wrap_alloc@V?$allocator@H@std@@@0@@Z 004055d0 f i EndoScopeMFCDlg.obj
 0001:000045d0       ??$_Destroy_range@U?$_Wrap_alloc@V?$allocator@PAV?$basic_string@DU?$char_traits@D@std@@V?$allocator@D@2@@std@@@std@@@std@@@std@@YAXPAPAV?$basic_string@DU?$char_traits@D@std@@V?$allocator@D@2@@0@0AAU?$_Wrap_alloc@V?$allocator@PAV?$basic_string@DU?$char_traits@D@std@@V?$allocator@D@2@@std@@@std@@@0@@Z 004055d0 f i DataType.obj
 0001:000045d0       ??$_Destroy_range@U?$_Wrap_alloc@V?$allocator@PAUIBaseFilter@@@std@@@std@@@std@@YAXPAPAUIBaseFilter@@0AAU?$_Wrap_alloc@V?$allocator@PAUIBaseFilter@@@std@@@0@@Z 004055d0 f i EDSCapture.obj
 0001:00004610       ??$construct@U_Container_proxy@std@@U12@@?$_Wrap_alloc@V?$allocator@U_Container_proxy@std@@@std@@@std@@QAEXPAU_Container_proxy@1@$$QAU21@@Z 00405610 f i DataType.obj
 0001:00004640       ??$swap@D@std@@YAXAAD0@Z   00405640 f i DataType.obj
 0001:000046a0       ??$_Allocate@V?$basic_string@DU?$char_traits@D@std@@V?$allocator@D@2@@std@@@std@@YAPAV?$basic_string@DU?$char_traits@D@std@@V?$allocator@D@2@@0@IPAV10@@Z 004056a0 f i DataType.obj
 0001:000046f0       ??$_Allocate@PAV?$basic_string@DU?$char_traits@D@std@@V?$allocator@D@2@@std@@@std@@YAPAPAV?$basic_string@DU?$char_traits@D@std@@V?$allocator@D@2@@0@IPAPAV10@@Z 004056f0 f i DataType.obj
 0001:00004740       ??$_Allocate@U_Container_proxy@std@@@std@@YAPAU_Container_proxy@0@IPAU10@@Z 00405740 f i DataType.obj
 0001:00004790       ??$_Allocate@U?$_Tree_node@U?$pair@$$CBIN@std@@PAX@std@@@std@@YAPAU?$_Tree_node@U?$pair@$$CBIN@std@@PAX@0@IPAU10@@Z 00405790 f i DataType.obj
 0001:000047e0       ??0?$allocator@D@std@@QAE@ABV01@@Z 004057e0 f i DataType.obj
 0001:000047e0       ??$?0V?$basic_string@DU?$char_traits@D@std@@V?$allocator@D@2@@std@@@?$allocator@PAV?$basic_string@DU?$char_traits@D@std@@V?$allocator@D@2@@std@@@std@@QAE@ABV?$allocator@V?$basic_string@DU?$char_traits@D@std@@V?$allocator@D@2@@std@@@1@@Z 004057e0 f i DataType.obj
 0001:000047e0       ??$?0PAE@?$allocator@PAPAE@std@@QAE@ABV?$allocator@PAE@1@@Z 004057e0 f i DataType.obj
 0001:000047f0       ??$construct@V?$basic_string@DU?$char_traits@D@std@@V?$allocator@D@2@@std@@ABV12@@?$allocator_traits@V?$allocator@V?$basic_string@DU?$char_traits@D@std@@V?$allocator@D@2@@std@@@std@@@std@@SAXAAV?$allocator@V?$basic_string@DU?$char_traits@D@std@@V?$allocator@D@2@@std@@@1@PAV?$basic_string@DU?$char_traits@D@std@@V?$allocator@D@2@@1@ABV31@@Z 004057f0 f i DataType.obj
 0001:00004810       ??$destroy@V?$basic_string@DU?$char_traits@D@std@@V?$allocator@D@2@@std@@@?$allocator_traits@V?$allocator@V?$basic_string@DU?$char_traits@D@std@@V?$allocator@D@2@@std@@@std@@@std@@SAXAAV?$allocator@V?$basic_string@DU?$char_traits@D@std@@V?$allocator@D@2@@std@@@1@PAV?$basic_string@DU?$char_traits@D@std@@V?$allocator@D@2@@1@@Z 00405810 f i DataType.obj
 0001:00004830       ??$_Ptr_cat@HH@std@@YA?AU_Scalar_ptr_iterator_tag@0@PAH0@Z 00405830 f i EndoScopeMFCDlg.obj
 0001:00004830       ??$_Ptr_cat@PAUIBaseFilter@@PAU1@@std@@YA?AU_Scalar_ptr_iterator_tag@0@PAPAUIBaseFilter@@0@Z 00405830 f i EDSCapture.obj
 0001:00004830       ??$_Ptr_cat@PAV?$basic_string@DU?$char_traits@D@std@@V?$allocator@D@2@@std@@PAV12@@std@@YA?AU_Scalar_ptr_iterator_tag@0@PAPAV?$basic_string@DU?$char_traits@D@std@@V?$allocator@D@2@@0@0@Z 00405830 f i DataType.obj
 0001:00004840       ??$_Uninit_copy@PAV?$basic_string@DU?$char_traits@D@std@@V?$allocator@D@2@@std@@PAV12@@std@@YAPAPAV?$basic_string@DU?$char_traits@D@std@@V?$allocator@D@2@@0@PAPAV10@00AAU?$_Wrap_alloc@V?$allocator@PAV?$basic_string@DU?$char_traits@D@std@@V?$allocator@D@2@@std@@@std@@@0@U_Scalar_ptr_iterator_tag@0@@Z 00405840 f i DataType.obj
 0001:00004880       ??$_Val_type@PAPAV?$basic_string@DU?$char_traits@D@std@@V?$allocator@D@2@@std@@@std@@YAPAPAV?$basic_string@DU?$char_traits@D@std@@V?$allocator@D@2@@0@PAPAV10@@Z 00405880 f i DataType.obj
 0001:00004890       ??$_Uninit_def_fill_n@PAV?$basic_string@DU?$char_traits@D@std@@V?$allocator@D@2@@std@@IPAV12@@std@@YAXPAPAV?$basic_string@DU?$char_traits@D@std@@V?$allocator@D@2@@0@IAAU?$_Wrap_alloc@V?$allocator@PAV?$basic_string@DU?$char_traits@D@std@@V?$allocator@D@2@@std@@@std@@@0@0U_Scalar_ptr_iterator_tag@0@@Z 00405890 f i DataType.obj
 0001:000048c0       ??$construct@U_Container_proxy@std@@U12@@?$allocator_traits@V?$allocator@U_Container_proxy@std@@@std@@@std@@SAXAAV?$allocator@U_Container_proxy@std@@@1@PAU_Container_proxy@1@$$QAU31@@Z 004058c0 f i DataType.obj
 0001:000048e0       ?construct@?$allocator@V?$basic_string@DU?$char_traits@D@std@@V?$allocator@D@2@@std@@@std@@QAEXPAV?$basic_string@DU?$char_traits@D@std@@V?$allocator@D@2@@2@ABV32@@Z 004058e0 f i DataType.obj
 0001:00004960       ??0?$basic_string@DU?$char_traits@D@std@@V?$allocator@D@2@@std@@QAE@ABV01@@Z 00405960 f i DataType.obj
 0001:000049b0       ?select_on_container_copy_construction@?$_Wrap_alloc@V?$allocator@D@std@@@std@@QBE?AU12@XZ 004059b0 f i DataType.obj
 0001:000049e0       ?select_on_container_copy_construction@?$allocator_traits@V?$allocator@D@std@@@std@@SA?AV?$allocator@D@2@ABV32@@Z 004059e0 f i DataType.obj
 0001:00004a00       ?select_on_container_copy_construction@?$allocator@D@std@@QBE?AV12@XZ 00405a00 f i DataType.obj
 0001:00004a20       ??$destroy@V?$basic_string@DU?$char_traits@D@std@@V?$allocator@D@2@@std@@@?$allocator@V?$basic_string@DU?$char_traits@D@std@@V?$allocator@D@2@@std@@@std@@QAEXPAV?$basic_string@DU?$char_traits@D@std@@V?$allocator@D@2@@1@@Z 00405a20 f i DataType.obj
 0001:00004a40       ??$_Fill_n@PAPAV?$basic_string@DU?$char_traits@D@std@@V?$allocator@D@2@@std@@IPAV12@@std@@YAPAPAV?$basic_string@DU?$char_traits@D@std@@V?$allocator@D@2@@0@PAPAV10@IABQAV10@@Z 00405a40 f i DataType.obj
 0001:00004a70       ??$construct@U_Container_proxy@std@@U12@@?$allocator@U_Container_proxy@std@@@std@@QAEXPAU_Container_proxy@1@$$QAU21@@Z 00405a70 f i DataType.obj
 0001:00004b00       ??_G?$basic_string@DU?$char_traits@D@std@@V?$allocator@D@2@@std@@QAEPAXI@Z 00405b00 f i DataType.obj
 0001:00004b30       ?memcpy_s@Checked@ATL@@YAXPAXIPBXI@Z 00405b30 f i DataType.obj
 0001:00004b60       ??$AtlConvAllocMemory@D@ATL@@YAXPAPADHPADH@Z 00405b60 f i DataType.obj
 0001:00004ca0       ?AfxCrtErrorCheck@@YAHH@Z  00405ca0 f i DataType.obj
 0001:00004d50       ??$AtlConvFreeMemory@D@ATL@@YAXPAD0H@Z 00405d50 f i DataType.obj
 0001:00004d70       ?AtlThrowImpl@ATL@@YGXJ@Z  00405d70 f i DataType.obj
 0001:00004da0       ?_GetBaseClass@CEDSCapture@@KGPAUCRuntimeClass@@XZ 00405da0 f   EDSCapture.obj
 0001:00004db0       ?GetRuntimeClass@CEDSCapture@@UBEPAUCRuntimeClass@@XZ 00405db0 f   EDSCapture.obj
 0001:00004dc0       ??0CEDSCapture@@QAE@XZ     00405dc0 f   EDSCapture.obj
 0001:00004ed0       ??_GCEDSCapture@@UAEPAXI@Z 00405ed0 f i EDSCapture.obj
 0001:00004ed0       ??_ECEDSCapture@@UAEPAXI@Z 00405ed0 f i * CIL library *:* CIL module *
 0001:00004f00       ??1?$CComPtr@UIBaseFilter@@@ATL@@QAE@XZ 00405f00 f i EDSCapture.obj
 0001:00004f00       ??1?$CComPtr@UISampleGrabber@@@ATL@@QAE@XZ 00405f00 f i EDSCapture.obj
 0001:00004f00       ??1?$CComPtr@UIMoniker@@@ATL@@QAE@XZ 00405f00 f i EDSCapture.obj
 0001:00004f00       ??1?$CComPtr@UIEnumMoniker@@@ATL@@QAE@XZ 00405f00 f i EDSCapture.obj
 0001:00004f00       ??1?$CComPtr@UICreateDevEnum@@@ATL@@QAE@XZ 00405f00 f i EDSCapture.obj
 0001:00004f20       ??1CEDSCapture@@UAE@XZ     00405f20 f   EDSCapture.obj
 0001:00004fa0       ?GetMessageMap@CEDSCapture@@MBEPBUAFX_MSGMAP@@XZ 00405fa0 f   EDSCapture.obj
 0001:00004fb0       ?GetThisMessageMap@CEDSCapture@@KGPBUAFX_MSGMAP@@XZ 00405fb0 f   EDSCapture.obj
 0001:00004fc0       ?Init@CEDSCapture@@QAEJHPAUHWND__@@@Z 00405fc0 f   EDSCapture.obj
 0001:000054b0       ??1?$CComQIPtr@UIBaseFilter@@$1?IID_IBaseFilter@@3U_GUID@@B@ATL@@QAE@XZ 004064b0 f i EDSCapture.obj
 0001:000054d0       ?Pause@CEDSCapture@@QAEXXZ 004064d0 f   EDSCapture.obj
 0001:00005590       ?Run@CEDSCapture@@QAEXXZ   00406590 f   EDSCapture.obj
 0001:00005650       ?Stop@CEDSCapture@@QAEXXZ  00406650 f   EDSCapture.obj
 0001:00005710       ?Msg@CEDSCapture@@IAAXPADZZ 00406710 f   EDSCapture.obj
 0001:000057c0       ?FindCaptureDevice@CEDSCapture@@IAEJPAPAUIBaseFilter@@@Z 004067c0 f   EDSCapture.obj
 0001:00005b70       ?GetInterfaces@CEDSCapture@@IAEJXZ 00406b70 f   EDSCapture.obj
 0001:00005cb0       ?FreeMediaType@CEDSCapture@@IAEXAAU_AMMediaType@@@Z 00406cb0 f   EDSCapture.obj
 0001:00005d10       ??0?$vector@HV?$allocator@H@std@@@std@@QAE@XZ 00406d10 f i EndoScopeMFCDlg.obj
 0001:00005d10       ??0?$vector@PAUIBaseFilter@@V?$allocator@PAUIBaseFilter@@@std@@@std@@QAE@XZ 00406d10 f i EDSCapture.obj
 0001:00005d40       ??1?$vector@HV?$allocator@H@std@@@std@@QAE@XZ 00406d40 f i EndoScopeMFCDlg.obj
 0001:00005d40       ??1?$vector@PAUIBaseFilter@@V?$allocator@PAUIBaseFilter@@@std@@@std@@QAE@XZ 00406d40 f i EDSCapture.obj
 0001:00005d60       ??0?$CComPtr@UIBaseFilter@@@ATL@@QAE@XZ 00406d60 f i EDSCapture.obj
 0001:00005d60       ??0?$CComPtr@UISampleGrabber@@@ATL@@QAE@XZ 00406d60 f i EDSCapture.obj
 0001:00005d80       ??4?$CComPtr@UISampleGrabber@@@ATL@@QAEPAUISampleGrabber@@PAU2@@Z 00406d80 f i EDSCapture.obj
 0001:00005dd0       ??1?$CComPtrBase@UIMoniker@@@ATL@@QAE@XZ 00406dd0 f i EDSCapture.obj
 0001:00005dd0       ??1?$CComPtrBase@UICreateDevEnum@@@ATL@@QAE@XZ 00406dd0 f i EDSCapture.obj
 0001:00005dd0       ??1?$CComPtrBase@UISampleGrabber@@@ATL@@QAE@XZ 00406dd0 f i EDSCapture.obj
 0001:00005dd0       ??1?$CComPtrBase@UIBaseFilter@@@ATL@@QAE@XZ 00406dd0 f i EDSCapture.obj
 0001:00005dd0       ??1?$CComPtrBase@UIEnumMoniker@@@ATL@@QAE@XZ 00406dd0 f i EDSCapture.obj
 0001:00005e00       ??7?$CComPtrBase@UISampleGrabber@@@ATL@@QBE_NXZ 00406e00 f i EDSCapture.obj
 0001:00005e30       ?CoCreateInstance@?$CComPtrBase@UISampleGrabber@@@ATL@@QAEJABU_GUID@@PAUIUnknown@@K@Z 00406e30 f i EDSCapture.obj
 0001:00005e60       ??0?$CComQIPtr@UIBaseFilter@@$1?IID_IBaseFilter@@3U_GUID@@B@ATL@@QAE@PAUIUnknown@@@Z 00406e60 f i EDSCapture.obj
 0001:00005eb0       ??0?$CComPtr@UISampleGrabber@@@ATL@@QAE@PAUISampleGrabber@@@Z 00406eb0 f i EDSCapture.obj
 0001:00005eb0       ??0?$CComPtr@UIMoniker@@@ATL@@QAE@PAUIMoniker@@@Z 00406eb0 f i EDSCapture.obj
 0001:00005eb0       ??0?$CComPtr@UICreateDevEnum@@@ATL@@QAE@PAUICreateDevEnum@@@Z 00406eb0 f i EDSCapture.obj
 0001:00005eb0       ??0?$CComPtr@UIEnumMoniker@@@ATL@@QAE@PAUIEnumMoniker@@@Z 00406eb0 f i EDSCapture.obj
 0001:00005ed0       ??8?$CComPtrBase@UISampleGrabber@@@ATL@@QBE_NPAUISampleGrabber@@@Z 00406ed0 f i EDSCapture.obj
 0001:00005ed0       ??8?$CComPtrBase@UIEnumMoniker@@@ATL@@QBE_NPAUIEnumMoniker@@@Z 00406ed0 f i EDSCapture.obj
 0001:00005f00       ?_Tidy@?$vector@HV?$allocator@H@std@@@std@@IAEXXZ 00406f00 f i EndoScopeMFCDlg.obj
 0001:00005f00       ?_Tidy@?$vector@PAUIBaseFilter@@V?$allocator@PAUIBaseFilter@@@std@@@std@@IAEXXZ 00406f00 f i EDSCapture.obj
 0001:00005f80       ??0?$_Vector_alloc@$0A@U?$_Vec_base_types@HV?$allocator@H@std@@@std@@@std@@QAE@ABV?$allocator@H@1@@Z 00406f80 f i EndoScopeMFCDlg.obj
 0001:00005f80       ??0?$_Vector_alloc@$0A@U?$_Vec_base_types@PAUIBaseFilter@@V?$allocator@PAUIBaseFilter@@@std@@@std@@@std@@QAE@ABV?$allocator@PAUIBaseFilter@@@1@@Z 00406f80 f i EDSCapture.obj
 0001:00005fa0       ??0?$CComPtrBase@UISampleGrabber@@@ATL@@IAE@XZ 00406fa0 f i EDSCapture.obj
 0001:00005fa0       ??0?$CComPtrBase@UIBaseFilter@@@ATL@@IAE@XZ 00406fa0 f i EDSCapture.obj
 0001:00005fc0       ?Swap@?$CComPtrBase@UISampleGrabber@@@ATL@@IAEXAAV12@@Z 00406fc0 f i EDSCapture.obj
 0001:00005ff0       ??9?$CComPtrBase@UISampleGrabber@@@ATL@@QBE_NPAUISampleGrabber@@@Z 00406ff0 f i EDSCapture.obj
 0001:00006030       ??0?$CComPtrBase@UIEnumMoniker@@@ATL@@IAE@PAUIEnumMoniker@@@Z 00407030 f i EDSCapture.obj
 0001:00006030       ??0?$CComPtrBase@UICreateDevEnum@@@ATL@@IAE@PAUICreateDevEnum@@@Z 00407030 f i EDSCapture.obj
 0001:00006030       ??0?$CComPtrBase@UIMoniker@@@ATL@@IAE@PAUIMoniker@@@Z 00407030 f i EDSCapture.obj
 0001:00006030       ??0?$CComPtrBase@UISampleGrabber@@@ATL@@IAE@PAUISampleGrabber@@@Z 00407030 f i EDSCapture.obj
 0001:00006070       ?_Destroy@?$vector@HV?$allocator@H@std@@@std@@IAEXPAH0@Z 00407070 f i EndoScopeMFCDlg.obj
 0001:00006070       ?_Destroy@?$vector@PAUIBaseFilter@@V?$allocator@PAUIBaseFilter@@@std@@@std@@IAEXPAPAUIBaseFilter@@0@Z 00407070 f i EDSCapture.obj
 0001:000060c0       ??0?$_Vector_val@U?$_Simple_types@H@std@@@std@@QAE@XZ 004070c0 f i EndoScopeMFCDlg.obj
 0001:000060c0       ??0?$_Vector_val@U?$_Simple_types@PAUIBaseFilter@@@std@@@std@@QAE@XZ 004070c0 f i EDSCapture.obj
 0001:000060f0       ??$_vsnprintf_s@$0EAA@@@YAHAAY0EAA@DIPBDPAD@Z 004070f0 f i EDSCapture.obj
 0001:00006120       ?__autoclassinit@Mat@cv@@QAEXI@Z 00407120 f i EndoScopeMFC.obj
 0001:00006170       ?GetMessageMap@CEndoScopeMFCApp@@MBEPBUAFX_MSGMAP@@XZ 00407170 f   EndoScopeMFC.obj
 0001:00006180       ?GetThisMessageMap@CEndoScopeMFCApp@@KGPBUAFX_MSGMAP@@XZ 00407180 f   EndoScopeMFC.obj
 0001:00006190       ??0CEndoScopeMFCApp@@QAE@XZ 00407190 f   EndoScopeMFC.obj
 0001:000061c0       ??_ECEndoScopeMFCApp@@UAEPAXI@Z 004071c0 f i * CIL library *:* CIL module *
 0001:000061c0       ??_GCEndoScopeMFCApp@@UAEPAXI@Z 004071c0 f i EndoScopeMFC.obj
 0001:000061f0       ??1CEndoScopeMFCApp@@UAE@XZ 004071f0 f i EndoScopeMFC.obj
 0001:00006210       ?__autoclassinit@CEndoScopeMFCApp@@QAEXI@Z 00407210 f i EndoScopeMFC.obj
 0001:00006230       ?__autoclassinit@CWinApp@@QAEXI@Z 00407230 f i EndoScopeMFC.obj
 0001:00006320       ?__autoclassinit@CWinThread@@QAEXI@Z 00407320 f i EndoScopeMFC.obj
 0001:00006380       ?ExceptionHandler@@YGJPAU_EXCEPTION_POINTERS@@@Z 00407380 f   EndoScopeMFC.obj
 0001:00006420       ?InitInstance@CEndoScopeMFCApp@@UAEHXZ 00407420 f   EndoScopeMFC.obj
 0001:000065f0       ?__autoclassinit@CDC@@QAEXI@Z 004075f0 f i EndoScopeMFCDlg.obj
 0001:000065f0       ?__autoclassinit@CShellManager@@QAEXI@Z 004075f0 f i EndoScopeMFC.obj
 0001:00006620       ?__autoclassinit@CEndoScopeMFCDlg@@QAEXI@Z 00407620 f i EndoScopeMFC.obj
 0001:00006770       ?__autoclassinit@CDialogEx@@QAEXI@Z 00407770 f i EndoScopeMFC.obj
 0001:000067b0       ?__autoclassinit@CStatic@@QAEXI@Z 004077b0 f i EndoScopeMFC.obj
 0001:000067b0       ?__autoclassinit@CEdit@@QAEXI@Z 004077b0 f i EndoScopeMFCDlg.obj
 0001:000067d0       ?__autoclassinit@CEDSCapture@@QAEXI@Z 004077d0 f i EndoScopeMFC.obj
 0001:00006870       ?__autoclassinit@CAboutDlg@@QAEXI@Z 00407870 f i EndoScopeMFC.obj
 0001:00006870       ?__autoclassinit@CSetPSW@@QAEXI@Z 00407870 f i Login.obj
 0001:00006890       ?__autoclassinit@CDialog@@QAEXI@Z 00407890 f i EndoScopeMFC.obj
 0001:00006900       ?__autoclassinit@?$vector@PAUIBaseFilter@@V?$allocator@PAUIBaseFilter@@@std@@@std@@QAEXI@Z 00407900 f i EndoScopeMFC.obj
 0001:00006920       ?__autoclassinit@CEDSGrabberCB@@QAEXI@Z 00407920 f i EndoScopeMFC.obj
 0001:00006940       ?__autoclassinit@?$_Vector_alloc@$0A@U?$_Vec_base_types@PAUIBaseFilter@@V?$allocator@PAUIBaseFilter@@@std@@@std@@@std@@QAEXI@Z 00407940 f i EndoScopeMFC.obj
 0001:00006960       ?__autoclassinit@?$_Vector_val@U?$_Simple_types@PAUIBaseFilter@@@std@@@std@@QAEXI@Z 00407960 f i EndoScopeMFC.obj
 0001:00006990       ?ExitInstance@CEndoScopeMFCApp@@UAEHXZ 00407990 f   EndoScopeMFC.obj
 0001:000069b0       ?GetApplicationRecoveryPingInterval@CWinApp@@UAEKXZ 004079b0 f i EndoScopeMFC.obj
 0001:000069c0       ?GetApplicationRestartFlags@CWinApp@@UAEKXZ 004079c0 f i EndoScopeMFC.obj
 0001:000069c0       ?GetApplicationRecoveryParameter@CWinApp@@UAEPAXXZ 004079c0 f i EndoScopeMFC.obj
 0001:000069d0       ?RestoreAutosavedFilesAtRestart@CWinApp@@UBEHXZ 004079d0 f i EndoScopeMFC.obj
 0001:000069f0       ?ReopenPreviousFilesAtRestart@CWinApp@@UBEHXZ 004079f0 f i EndoScopeMFC.obj
 0001:00006a10       ?SupportsAutosaveAtInterval@CWinApp@@UBEHXZ 00407a10 f i EndoScopeMFC.obj
 0001:00006a30       ?SupportsAutosaveAtRestart@CWinApp@@UBEHXZ 00407a30 f i EndoScopeMFC.obj
 0001:00006a50       ?SupportsApplicationRecovery@CWinApp@@UBEHXZ 00407a50 f i EndoScopeMFC.obj
 0001:00006a70       ?SupportsRestartManager@CWinApp@@UBEHXZ 00407a70 f i EndoScopeMFC.obj
 0001:00006a90       ?__autoclassinit@CWnd@@QAEXI@Z 00407a90 f i EndoScopeMFC.obj
 0001:00006b10       ??2CObject@@SGPAXI@Z       00407b10 f i EndoScopeMFC.obj
 0001:00006b30       ?__autoclassinit@CCmdTarget@@QAEXI@Z 00407b30 f i EndoScopeMFC.obj
 0001:00006b60       ??0String@cv@@QAE@PBD@Z    00407b60 f i EndoScopeMFCDlg.obj
 0001:00006be0       ??1String@cv@@QAE@XZ       00407be0 f i EndoScopeMFCDlg.obj
 0001:00006c00       ?init@_InputArray@cv@@IAEXHPBX@Z 00407c00 f i EndoScopeMFCDlg.obj
 0001:00006c20       ??0_InputArray@cv@@QAE@XZ  00407c20 f i EndoScopeMFCDlg.obj
 0001:00006c50       ??0_InputArray@cv@@QAE@ABVMat@1@@Z 00407c50 f i EndoScopeMFCDlg.obj
 0001:00006c80       ??0_OutputArray@cv@@QAE@AAVMat@1@@Z 00407c80 f i EndoScopeMFCDlg.obj
 0001:00006cf0       ??1_OutputArray@cv@@QAE@XZ 00407cf0 f i EndoScopeMFCDlg.obj
 0001:00006d10       ??0Mat@cv@@QAE@XZ          00407d10 f i EndoScopeMFCDlg.obj
 0001:00006da0       ??0Mat@cv@@QAE@HHH@Z       00407da0 f i EndoScopeMFCDlg.obj
 0001:00006e50       ??0Mat@cv@@QAE@HHHABV?$Scalar_@N@1@@Z 00407e50 f i EndoScopeMFCDlg.obj
 0001:00006f10       ??0Mat@cv@@QAE@V?$Size_@H@1@H@Z 00407f10 f i EndoScopeMFCDlg.obj
 0001:00006fc0       ??0Mat@cv@@QAE@HHHPAXI@Z   00407fc0 f i EndoScopeMFCDlg.obj
 0001:00007220       ??1Mat@cv@@QAE@XZ          00408220 f i EndoScopeMFCDlg.obj
 0001:00007260       ?create@Mat@cv@@QAEXHHH@Z  00408260 f i EndoScopeMFCDlg.obj
 0001:000072f0       ?release@Mat@cv@@QAEXXZ    004082f0 f i EndoScopeMFCDlg.obj
 0001:00007390       ??RMat@cv@@QBE?AV01@ABV?$Rect_@H@1@@Z 00408390 f i EndoScopeMFCDlg.obj
 0001:000073d0       ?type@Mat@cv@@QBEHXZ       004083d0 f i EndoScopeMFCDlg.obj
 0001:000073f0       ?empty@Mat@cv@@QBE_NXZ     004083f0 f i EndoScopeMFCDlg.obj
 0001:00007430       ?total@Mat@cv@@QBEIXZ      00408430 f i EndoScopeMFCDlg.obj
 0001:000074a0       ??4Mat@cv@@QAEAAV01@$$QAV01@@Z 004084a0 f i EndoScopeMFCDlg.obj
 0001:00007660       ??0MatSize@cv@@QAE@PAH@Z   00408660 f i EndoScopeMFCDlg.obj
 0001:00007680       ??AMatSize@cv@@QBEABHH@Z   00408680 f i EndoScopeMFCDlg.obj
 0001:00007680       ??AMatStep@cv@@QAEAAIH@Z   00408680 f i EndoScopeMFCDlg.obj
 0001:000076a0       ??0MatStep@cv@@QAE@XZ      004086a0 f i EndoScopeMFCDlg.obj
 0001:000076f0       ??0String@cv@@QAE@ABV?$basic_string@DU?$char_traits@D@std@@V?$allocator@D@2@@std@@@Z 004086f0 f i EndoScopeMFCDlg.obj
 0001:000077b0       ?NowEnter@CPLC@@QAEHXZ     004087b0 f i EndoScopeMFCDlg.obj
 0001:00007800       ?OverEnter@CPLC@@QAEHXZ    00408800 f i EndoScopeMFCDlg.obj
 0001:00007850       ?NowVideo@CPLC@@QAEHXZ     00408850 f i EndoScopeMFCDlg.obj
 0001:000078a0       ?StopVideo@CPLC@@QAEHXZ    004088a0 f i EndoScopeMFCDlg.obj
 0001:000078f0       ?NowSave@CPLC@@QAEHXZ      004088f0 f i EndoScopeMFCDlg.obj
 0001:00007940       ?OverSave@CPLC@@QAEHXZ     00408940 f i EndoScopeMFCDlg.obj
 0001:00007990       ?NotLink@CPLC@@QAEHXZ      00408990 f i EndoScopeMFCDlg.obj
 0001:000079e0       ?AverageMetering@CPLC@@QAEHXZ 004089e0 f i EndoScopeMFCDlg.obj
 0001:00007a80       ?PeakMetering@CPLC@@QAEHXZ 00408a80 f i EndoScopeMFCDlg.obj
 0001:00007b20       ?B@CPLC@@QAEHH@Z           00408b20 f i EndoScopeMFCDlg.obj
 0001:00007c10       ?R@CPLC@@QAEHH@Z           00408c10 f i EndoScopeMFCDlg.obj
 0001:00007d00       ?Zoom1@CPLC@@QAEHXZ        00408d00 f i EndoScopeMFCDlg.obj
 0001:00007d50       ?Zoom2@CPLC@@QAEHXZ        00408d50 f i EndoScopeMFCDlg.obj
 0001:00007da0       ?Zoom3@CPLC@@QAEHXZ        00408da0 f i EndoScopeMFCDlg.obj
 0001:00007df0       ?Zoom4@CPLC@@QAEHXZ        00408df0 f i EndoScopeMFCDlg.obj
 0001:00007e40       ?SetCircular@CPLC@@QAEHXZ  00408e40 f i EndoScopeMFCDlg.obj
 0001:00007e90       ?SetSquare@CPLC@@QAEHXZ    00408e90 f i EndoScopeMFCDlg.obj
 0001:00007ee0       ?OpenLight@CPLC@@QAEHXZ    00408ee0 f i EndoScopeMFCDlg.obj
 0001:00007f30       ?CloseLight@CPLC@@QAEHXZ   00408f30 f i EndoScopeMFCDlg.obj
 0001:00007f80       ?Light@CPLC@@QAEHH@Z       00408f80 f i EndoScopeMFCDlg.obj
 0001:00007fe0       ?Brightness0@CPLC@@QAEHXZ  00408fe0 f i EndoScopeMFCDlg.obj
 0001:00008090       ?Brightness1@CPLC@@QAEHXZ  00409090 f i EndoScopeMFCDlg.obj
 0001:00008140       ?Brightness2@CPLC@@QAEHXZ  00409140 f i EndoScopeMFCDlg.obj
 0001:000081f0       ?Brightness3@CPLC@@QAEHXZ  004091f0 f i EndoScopeMFCDlg.obj
 0001:000082a0       ?Brightness4@CPLC@@QAEHXZ  004092a0 f i EndoScopeMFCDlg.obj
 0001:00008350       ?Brightness5@CPLC@@QAEHXZ  00409350 f i EndoScopeMFCDlg.obj
 0001:00008400       ?Brightness6@CPLC@@QAEHXZ  00409400 f i EndoScopeMFCDlg.obj
 0001:000084b0       ?Brightness7@CPLC@@QAEHXZ  004094b0 f i EndoScopeMFCDlg.obj
 0001:00008560       ?Brightness8@CPLC@@QAEHXZ  00409560 f i EndoScopeMFCDlg.obj
 0001:00008610       ?Brightness9@CPLC@@QAEHXZ  00409610 f i EndoScopeMFCDlg.obj
 0001:000086c0       ?Brightness10@CPLC@@QAEHXZ 004096c0 f i EndoScopeMFCDlg.obj
 0001:00008770       ?Brightness11@CPLC@@QAEHXZ 00409770 f i EndoScopeMFCDlg.obj
 0001:00008820       ?Brightness12@CPLC@@QAEHXZ 00409820 f i EndoScopeMFCDlg.obj
 0001:000088d0       ?Brightness13@CPLC@@QAEHXZ 004098d0 f i EndoScopeMFCDlg.obj
 0001:00008980       ?Brightness14@CPLC@@QAEHXZ 00409980 f i EndoScopeMFCDlg.obj
[...]
 0002:00003fb0       __catchsym$??$?6U?$char_traits@D@std@@@std@@YAAAV?$basic_ostream@DU?$char_traits@D@std@@@0@AAV10@PBD@Z$3 0041efb0     * CIL library *:* CIL module *
 0002:00003fc0       __ehfuncinfo$?_Buynode0@?$_List_alloc@$0A@U?$_List_base_types@PAEV?$allocator@PAE@std@@@std@@@std@@QAEPAU?$_List_node@PAEPAX@2@PAU32@0@Z 0041efc0     * CIL library *:* CIL module *
 0002:00003fe4       __unwindtable$?_Buynode0@?$_List_alloc@$0A@U?$_List_base_types@PAEV?$allocator@PAE@std@@@std@@@std@@QAEPAU?$_List_node@PAEPAX@2@PAU32@0@Z 0041efe4     * CIL library *:* CIL module *
 0002:00003ff4       __tryblocktable$?_Buynode0@?$_List_alloc@$0A@U?$_List_base_types@PAEV?$allocator@PAE@std@@@std@@@std@@QAEPAU?$_List_node@PAEPAX@2@PAU32@0@Z 0041eff4     * CIL library *:* CIL module *
 0002:00004008       __catchsym$?_Buynode0@?$_List_alloc@$0A@U?$_List_base_types@PAEV?$allocator@PAE@std@@@std@@@std@@QAEPAU?$_List_node@PAEPAX@2@PAU32@0@Z$2 0041f008     * CIL library *:* CIL module *
 0002:00004018       __ehfuncinfo$?_Endwrite@?$basic_filebuf@DU?$char_traits@D@std@@@std@@IAE_NXZ 0041f018     * CIL library *:* CIL module *
 0002:0000403c       __unwindtable$?_Endwrite@?$basic_filebuf@DU?$char_traits@D@std@@@std@@IAE_NXZ 0041f03c     * CIL library *:* CIL module *
 0002:00004044       __ehfuncinfo$?open@?$basic_filebuf@DU?$char_traits@D@std@@@std@@QAEPAV12@PBDHH@Z 0041f044     * CIL library *:* CIL module *
 0002:00004068       __unwindtable$?open@?$basic_filebuf@DU?$char_traits@D@std@@@std@@QAEPAV12@PBDHH@Z 0041f068     * CIL library *:* CIL module *
 0002:00004070       __ehfuncinfo$??0?$basic_filebuf@DU?$char_traits@D@std@@@std@@QAE@PAU_iobuf@@@Z 0041f070     * CIL library *:* CIL module *
 0002:00004094       __unwindtable$??0?$basic_filebuf@DU?$char_traits@D@std@@@std@@QAE@PAU_iobuf@@@Z 0041f094     * CIL library *:* CIL module *
 0002:0000409c       __ehfuncinfo$??0?$basic_ifstream@DU?$char_traits@D@std@@@std@@QAE@PBDHH@Z 0041f09c     * CIL library *:* CIL module *
 0002:000040c0       __unwindtable$??0?$basic_ifstream@DU?$char_traits@D@std@@@std@@QAE@PBDHH@Z 0041f0c0     * CIL library *:* CIL module *
 0002:000040d8       __ehfuncinfo$?uflow@?$basic_filebuf@DU?$char_traits@D@std@@@std@@MAEHXZ 0041f0d8     * CIL library *:* CIL module *
 0002:000040fc       __unwindtable$?uflow@?$basic_filebuf@DU?$char_traits@D@std@@@std@@MAEHXZ 0041f0fc     * CIL library *:* CIL module *
 0002:00004104       __ehfuncinfo$?overflow@?$basic_filebuf@DU?$char_traits@D@std@@@std@@MAEHH@Z 0041f104     * CIL library *:* CIL module *
 0002:00004128       __unwindtable$?overflow@?$basic_filebuf@DU?$char_traits@D@std@@@std@@MAEHH@Z 0041f128     * CIL library *:* CIL module *
 0002:00004130       __ehfuncinfo$??0?$basic_ofstream@DU?$char_traits@D@std@@@std@@QAE@PBDHH@Z 0041f130     * CIL library *:* CIL module *
 0002:00004154       __unwindtable$??0?$basic_ofstream@DU?$char_traits@D@std@@@std@@QAE@PBDHH@Z 0041f154     * CIL library *:* CIL module *
 0002:0000416c       __ehfuncinfo$?GetPicture@CEndoScopeMFCDlg@@QAEPAEXZ 0041f16c     * CIL library *:* CIL module *
 0002:00004190       __unwindtable$?GetPicture@CEndoScopeMFCDlg@@QAEPAEXZ 0041f190     * CIL library *:* CIL module *
 0002:000041a0       __tryblocktable$?GetPicture@CEndoScopeMFCDlg@@QAEPAEXZ 0041f1a0     * CIL library *:* CIL module *
 0002:000041b4       __catchsym$?GetPicture@CEndoScopeMFCDlg@@QAEPAEXZ$2 0041f1b4     * CIL library *:* CIL module *
 0002:000041c4       __ehfuncinfo$?IniWhilteLamda@CEndoScopeMFCDlg@@QAEXXZ 0041f1c4     * CIL library *:* CIL module *
 0002:000041e8       __unwindtable$?IniWhilteLamda@CEndoScopeMFCDlg@@QAEXXZ 0041f1e8     * CIL library *:* CIL module *
 0002:000041f8       __ehfuncinfo$?CalWhilteLamda@CEndoScopeMFCDlg@@QAEXPAE@Z 0041f1f8     * CIL library *:* CIL module *
 0002:0000421c       __unwindtable$?CalWhilteLamda@CEndoScopeMFCDlg@@QAEXPAE@Z 0041f21c     * CIL library *:* CIL module *
 0002:0000424c       __ehfuncinfo$?SaveToPeripherals@CEndoScopeMFCDlg@@AAEXXZ 0041f24c     * CIL library *:* CIL module *
 0002:00004270       __unwindtable$?SaveToPeripherals@CEndoScopeMFCDlg@@AAEXXZ 0041f270     * CIL library *:* CIL module *
 0002:000042a8       __ehfuncinfo$?CutDirFileAPI@@YAHV?$CStringT@DV?$StrTraitMFC_DLL@DV?$ChTraitsCRT@D@ATL@@@@@ATL@@0@Z 0041f2a8     * CIL library *:* CIL module *
 0002:000042cc       __unwindtable$?CutDirFileAPI@@YAHV?$CStringT@DV?$StrTraitMFC_DLL@DV?$ChTraitsCRT@D@ATL@@@@@ATL@@0@Z 0041f2cc     * CIL library *:* CIL module *
 0002:000042f4       __ehfuncinfo$?SaveVideo@CEndoScopeMFCDlg@@QAEXXZ 0041f2f4     * CIL library *:* CIL module *
 0002:00004318       __unwindtable$?SaveVideo@CEndoScopeMFCDlg@@QAEXXZ 0041f318     * CIL library *:* CIL module *
 0002:00004328       __ehfuncinfo$?OnCtlData@CEndoScopeMFCDlg@@QAEJIJ@Z 0041f328     * CIL library *:* CIL module *
 0002:0000434c       __unwindtable$?OnCtlData@CEndoScopeMFCDlg@@QAEJIJ@Z 0041f34c     * CIL library *:* CIL module *
 0002:00004354       __ehfuncinfo$?ShowEndoscopeInfo@CEndoScopeMFCDlg@@QAEXPAEH@Z 0041f354     * CIL library *:* CIL module *
 0002:00004378       __unwindtable$?ShowEndoscopeInfo@CEndoScopeMFCDlg@@QAEXPAEH@Z 0041f378     * CIL library *:* CIL module *
 0002:00004398       __ehfuncinfo$?ScreenCAPThreadProc@CEndoScopeMFCDlg@@CAIPAX@Z 0041f398     * CIL library *:* CIL module *
 0002:000043bc       __unwindtable$?ScreenCAPThreadProc@CEndoScopeMFCDlg@@CAIPAX@Z 0041f3bc     * CIL library *:* CIL module *
 0002:000043c8       __ehfuncinfo$?ShowVideoThreadFunc@CEndoScopeMFCDlg@@CAIPAX@Z 0041f3c8     * CIL library *:* CIL module *
 0002:000043f0       __unwindtable$?ShowVideoThreadFunc@CEndoScopeMFCDlg@@CAIPAX@Z 0041f3f0     * CIL library *:* CIL module *
 0002:00004450       __ehfuncinfo$?ShowCurrentDateTime@CEndoScopeMFCDlg@@AAEXXZ 0041f450     * CIL library *:* CIL module *
 0002:00004474       __unwindtable$?ShowCurrentDateTime@CEndoScopeMFCDlg@@AAEXXZ 0041f474     * CIL library *:* CIL module *
 0002:0000447c       __ehfuncinfo$?SetPicWidowShape@CEndoScopeMFCDlg@@QAEXXZ 0041f47c     * CIL library *:* CIL module *
 0002:000044a0       __unwindtable$?SetPicWidowShape@CEndoScopeMFCDlg@@QAEXXZ 0041f4a0     * CIL library *:* CIL module *
 0002:000044b0       __ehfuncinfo$?InitializeFormBoxLayout@CEndoScopeMFCDlg@@QAEXXZ 0041f4b0     * CIL library *:* CIL module *
 0002:000044d4       __unwindtable$?InitializeFormBoxLayout@CEndoScopeMFCDlg@@QAEXXZ 0041f4d4     * CIL library *:* CIL module *
 0002:000044dc       __ehfuncinfo$?GetSaveImgPath@CEndoScopeMFCDlg@@QAE?AV?$basic_string@DU?$char_traits@D@std@@V?$allocator@D@2@@std@@H@Z 0041f4dc     * CIL library *:* CIL module *
 0002:00004500       __unwindtable$?GetSaveImgPath@CEndoScopeMFCDlg@@QAE?AV?$basic_string@DU?$char_traits@D@std@@V?$allocator@D@2@@std@@H@Z 0041f500     * CIL library *:* CIL module *
 0002:00004530       __ehfuncinfo$?SavePicThreadProc@CEndoScopeMFCDlg@@CAIPAX@Z 0041f530     * CIL library *:* CIL module *
 0002:00004554       __unwindtable$?SavePicThreadProc@CEndoScopeMFCDlg@@CAIPAX@Z 0041f554     * CIL library *:* CIL module *
 0002:0000457c       __ehfuncinfo$?InitParameter@CEndoScopeMFCDlg@@AAEXXZ 0041f57c     * CIL library *:* CIL module *
 0002:000045a0       __unwindtable$?InitParameter@CEndoScopeMFCDlg@@AAEXXZ 0041f5a0     * CIL library *:* CIL module *
 0002:000045b0       __ehfuncinfo$?InitializePLC@CEndoScopeMFCDlg@@AAEXXZ 0041f5b0     * CIL library *:* CIL module *
 0002:000045d4       __unwindtable$?InitializePLC@CEndoScopeMFCDlg@@AAEXXZ 0041f5d4     * CIL library *:* CIL module *
 0002:000045e4       __ehfuncinfo$?WindowProc@CEndoScopeMFCDlg@@MAEJIIJ@Z 0041f5e4     * CIL library *:* CIL module *
 0002:00004608       __unwindtable$?WindowProc@CEndoScopeMFCDlg@@MAEJIIJ@Z 0041f608     * CIL library *:* CIL module *
 0002:00004618       __ehfuncinfo$?InitializecvWindow@CEndoScopeMFCDlg@@AAEXXZ 0041f618     * CIL library *:* CIL module *
 0002:0000463c       __unwindtable$?InitializecvWindow@CEndoScopeMFCDlg@@AAEXXZ 0041f63c     * CIL library *:* CIL module *
 0002:0000464c       __ehfuncinfo$?OnPaint@CEndoScopeMFCDlg@@IAEXXZ 0041f64c     * CIL library *:* CIL module *
 0002:00004670       __unwindtable$?OnPaint@CEndoScopeMFCDlg@@IAEXXZ 0041f670     * CIL library *:* CIL module *
 0002:00004678       __ehfuncinfo$?OnSysCommand@CEndoScopeMFCDlg@@IAEXIJ@Z 0041f678     * CIL library *:* CIL module *
 0002:0000469c       __unwindtable$?OnSysCommand@CEndoScopeMFCDlg@@IAEXIJ@Z 0041f69c     * CIL library *:* CIL module *
 0002:000046a4       __ehfuncinfo$?OnInitDialog@CEndoScopeMFCDlg@@MAEHXZ 0041f6a4     * CIL library *:* CIL module *
 0002:000046c8       __unwindtable$?OnInitDialog@CEndoScopeMFCDlg@@MAEHXZ 0041f6c8     * CIL library *:* CIL module *
 0002:000046d0       __ehfuncinfo$??0CAboutDlg@@QAE@XZ 0041f6d0     * CIL library *:* CIL module *
 0002:000046f4       __unwindtable$??0CAboutDlg@@QAE@XZ 0041f6f4     * CIL library *:* CIL module *
 0002:0000470c       __ehfuncinfo$??0Mat@cv@@QAE@HHHPAXI@Z 0041f70c     * CIL library *:* CIL module *
 0002:00004730       __unwindtable$??0Mat@cv@@QAE@HHHPAXI@Z 0041f730     * CIL library *:* CIL module *
 0002:00004740       __ehfuncinfo$??0_OutputArray@cv@@QAE@AAVMat@1@@Z 0041f740     * CIL library *:* CIL module *
 0002:00004764       __unwindtable$??0_OutputArray@cv@@QAE@AAVMat@1@@Z 0041f764     * CIL library *:* CIL module *
 0002:00004770       __ehfuncinfo$??0CEndoScopeMFCDlg@@QAE@PAVCWnd@@@Z 0041f770     * CIL library *:* CIL module *
 0002:00004798       __unwindtable$??0CEndoScopeMFCDlg@@QAE@PAVCWnd@@@Z 0041f798     * CIL library *:* CIL module *
 0002:00004800       __ehfuncinfo$??1CEndoScopeMFCDlg@@UAE@XZ 0041f800     * CIL library *:* CIL module *
 0002:00004828       __unwindtable$??1CEndoScopeMFCDlg@@UAE@XZ 0041f828     * CIL library *:* CIL module *
 0002:00004890       __ehfuncinfo$?ShotPicWindow@CEndoScopeMFCDlg@@QAEXXZ 0041f890     * CIL library *:* CIL module *
 0002:00004890       __ehfuncinfo$?OnInitDialog@Login@@UAEHXZ 0041f890     * CIL library *:* CIL module *
 0002:000048b4       __unwindtable$?OnInitDialog@Login@@UAEHXZ 0041f8b4     * CIL library *:* CIL module *
 0002:000048b4       __unwindtable$?ShotPicWindow@CEndoScopeMFCDlg@@QAEXXZ 0041f8b4     * CIL library *:* CIL module *
 0002:000048bc       __ehfuncinfo$?OnBnClickedOk@Login@@QAEXXZ 0041f8bc     * CIL library *:* CIL module *
 0002:000048e0       __unwindtable$?OnBnClickedOk@Login@@QAEXXZ 0041f8e0     * CIL library *:* CIL module *
 0002:00004908       __ehfuncinfo$?OnBnClickedBtnSetpsw@Login@@QAEXXZ 0041f908     * CIL library *:* CIL module *
 0002:0000492c       __unwindtable$?OnBnClickedBtnSetpsw@Login@@QAEXXZ 0041f92c     * CIL library *:* CIL module *
 0002:00004938       __ehfuncinfo$??0Login@@QAE@PAVCWnd@@@Z 0041f938     * CIL library *:* CIL module *
 0002:00004960       __unwindtable$??0Login@@QAE@PAVCWnd@@@Z 0041f960     * CIL library *:* CIL module *
 0002:000049a0       __ehfuncinfo$??1Login@@UAE@XZ 0041f9a0     * CIL library *:* CIL module *
 0002:000049c4       __unwindtable$??1Login@@UAE@XZ 0041f9c4     * CIL library *:* CIL module *
 0002:000049dc       __ehfuncinfo$??1CPLC@@UAE@XZ 0041f9dc     * CIL library *:* CIL module *
 0002:00004a00       __unwindtable$??1CPLC@@UAE@XZ 0041fa00     * CIL library *:* CIL module *
 0002:00004a18       __ehfuncinfo$??0CPLC@@QAE@XZ 0041fa18     * CIL library *:* CIL module *
 0002:00004a3c       __unwindtable$??0CPLC@@QAE@XZ 0041fa3c     * CIL library *:* CIL module *
 0002:00004a5c       __ehfuncinfo$?ProcessCardInitialize@CPLC@@QAE_NV?$CStringT@DV?$StrTraitMFC_DLL@DV?$ChTraitsCRT@D@ATL@@@@@ATL@@H@Z 0041fa5c     * CIL library *:* CIL module *
 0002:00004a5c       __ehfuncinfo$?VideoInitialize@CPLC@@QAE_NV?$CStringT@DV?$StrTraitMFC_DLL@DV?$ChTraitsCRT@D@ATL@@@@@ATL@@H@Z 0041fa5c     * CIL library *:* CIL module *
 0002:00004a80       __unwindtable$?ProcessCardInitialize@CPLC@@QAE_NV?$CStringT@DV?$StrTraitMFC_DLL@DV?$ChTraitsCRT@D@ATL@@@@@ATL@@H@Z 0041fa80     * CIL library *:* CIL module *
 0002:00004a80       __unwindtable$?VideoInitialize@CPLC@@QAE_NV?$CStringT@DV?$StrTraitMFC_DLL@DV?$ChTraitsCRT@D@ATL@@@@@ATL@@H@Z 0041fa80     * CIL library *:* CIL module *
 0002:00004a88       __ehfuncinfo$?Initialize@CVideoComIO@@QAE_NV?$CStringT@DV?$StrTraitMFC_DLL@DV?$ChTraitsCRT@D@ATL@@@@@ATL@@H@Z 0041fa88     * CIL library *:* CIL module *
 0002:00004a88       __ehfuncinfo$?Initialize@CProcessCard@@QAE_NV?$CStringT@DV?$StrTraitMFC_DLL@DV?$ChTraitsCRT@D@ATL@@@@@ATL@@H@Z 0041fa88     * CIL library *:* CIL module *
 0002:00004aac       __unwindtable$?Initialize@CProcessCard@@QAE_NV?$CStringT@DV?$StrTraitMFC_DLL@DV?$ChTraitsCRT@D@ATL@@@@@ATL@@H@Z 0041faac     * CIL library *:* CIL module *
 0002:00004aac       __unwindtable$?Initialize@CVideoComIO@@QAE_NV?$CStringT@DV?$StrTraitMFC_DLL@DV?$ChTraitsCRT@D@ATL@@@@@ATL@@H@Z 0041faac     * CIL library *:* CIL module *
 0002:00004ab4       __ehfuncinfo$?SendData@CProcessCard@@QAEHPAEH@Z 0041fab4     * CIL library *:* CIL module *
 0002:00004ad8       __unwindtable$?SendData@CProcessCard@@QAEHPAEH@Z 0041fad8     * CIL library *:* CIL module *
 0002:00004ae8       __tryblocktable$?SendData@CProcessCard@@QAEHPAEH@Z 0041fae8     * CIL library *:* CIL module *
 0002:00004afc       __catchsym$?SendData@CProcessCard@@QAEHPAEH@Z$4 0041fafc     * CIL library *:* CIL module *
 0002:00004b2c       __ehfuncinfo$?OnRecv@CVideoComIO@@QAEIPAX@Z 0041fb2c     * CIL library *:* CIL module *
 0002:00004b50       __unwindtable$?OnRecv@CVideoComIO@@QAEIPAX@Z 0041fb50     * CIL library *:* CIL module *
 0002:00004b60       __ehfuncinfo$?SendData@CVideoComIO@@QAEHPAEH@Z 0041fb60     * CIL library *:* CIL module *
 0002:00004b84       __unwindtable$?SendData@CVideoComIO@@QAEHPAEH@Z 0041fb84     * CIL library *:* CIL module *
 0002:00004b94       __tryblocktable$?SendData@CVideoComIO@@QAEHPAEH@Z 0041fb94     * CIL library *:* CIL module *
 0002:00004ba8       __catchsym$?SendData@CVideoComIO@@QAEHPAEH@Z$4 0041fba8     * CIL library *:* CIL module *
 0002:000054e4       .idata$6                   004204e4     mfc110:mfc110.dll
 0002:00005694       .idata$6                   00420694     msvcrt:MSVCR110.dll
 0002:00005af8       .idata$6                   00420af8     kernel32:KERNEL32.dll
 0002:00005c30       .idata$6                   00420c30     user32:USER32.dll
 0002:00005cc8       .idata$6                   00420cc8     gdi32:GDI32.dll
 0002:00005ce6       .idata$6                   00420ce6     shell32:SHELL32.dll
 0002:00005d0a       .idata$6                   00420d0a     comctl32:COMCTL32.dll
 0002:00005d2c       .idata$6                   00420d2c     shlwapi:SHLWAPI.dll
 0002:00005d7e       .idata$6                   00420d7e     ole32:ole32.dll
 0002:00005d88       .idata$6                   00420d88     oleaut32:OLEAUT32.dll
 0002:00006d80       .idata$6                   00421d80     msvcprt:MSVCP110.dll
 0002:00006f02       .idata$6                   00421f02     opencv_core320:opencv_core320.dll
 0002:00006fc0       .idata$6                   00421fc0     opencv_highgui320:opencv_highgui320.dll
 0002:00007030       .idata$6                   00422030     opencv_imgcodecs320:opencv_imgcodecs320.dll
 0002:000070e2       .idata$6                   004220e2     opencv_imgproc320:opencv_imgproc320.dll
 0002:00007154       .idata$6                   00422154     opencv_videoio320:opencv_videoio320.dll
 0002:0000717e       .idata$6                   0042217e     Dbghelp:dbghelp.dll
 0003:00000218       _current_pack_lock         00423218     * CIL library *:* CIL module *
 0003:00000628       _GS_ExceptionRecord        00423628     msvcrt:gs_report.obj
 0003:00000678       _GS_ContextRecord          00423678     msvcrt:gs_report.obj
 0003:00000944       _DebuggerWasPresent        00423944     msvcrt:gs_report.obj
 0003:00000948       _mainret                   00423948     msvcrt:crtexew.obj
 0003:0000094c       _has_cctor                 0042394c     msvcrt:crtexew.obj
 0003:00000950       _argc                      00423950     msvcrt:crtexew.obj
 0003:00000954       _argv                      00423954     msvcrt:crtexew.obj
 0003:00000958       _envp                      00423958     msvcrt:crtexew.obj
 0003:0000095c       _argret                    0042395c     msvcrt:crtexew.obj
 0003:00000960       _managedapp                00423960     msvcrt:crtexew.obj
 0003:00000964       _startinfo                 00423964     msvcrt:crtexew.obj
 0003:00000978       __Fac_head                 00423978     msvcprt:locale0_implib.obj
 0003:0000097c       __Fac_tidy_reg             0042397c     msvcprt:locale0_implib.obj
 0003:000009fc       _bSaveVideoStart           004239fc     * CIL library *:* CIL module *
 0003:00000a04       __have_init_fifo           00423a04     * CIL library *:* CIL module *
 0003:00000a08       _queueLock                 00423a08     * CIL library *:* CIL module *
 0003:00000a14       __have_init_pack           00423a14     * CIL library *:* CIL module *
 0003:00000a18       _GenericSansSerifFontFamilyBuffer 00423a18     * CIL library *:* CIL module *
 0003:00000a20       _GenericTypographicStringFormatBuffer 00423a20     * CIL library *:* CIL module *
 0003:00000a28       _GenericMonospaceFontFamilyBuffer 00423a28     * CIL library *:* CIL module *
 0003:00000a30       _GenericDefaultStringFormatBuffer 00423a30     * CIL library *:* CIL module *
 0003:00000a38       _GenericSerifFontFamilyBuffer 00423a38     * CIL library *:* CIL module *
 0003:00000a44       __have_init_yuv_queue      00423a44     * CIL library *:* CIL module *
 0003:00000a48       _yuvQueueLock              00423a48     * CIL library *:* CIL module *
 0003:00000ba4       _allocator_arg             00423ba4     * CIL library *:* CIL module *
 0003:00000ba5       _piecewise_construct       00423ba5     * CIL library *:* CIL module *
 0003:00000ba8       _dataQueue                 00423ba8     * CIL library *:* CIL module *
 0003:00fd2bf8       _packQueue                 013f5bf8     * CIL library *:* CIL module *
 0003:01518c10       _yuvQueue                  0193bc10     * CIL library *:* CIL module *
 0003:024eac60       ?bshot@?1??ShotPicWindow@CEndoScopeMFCDlg@@QAEXXZ@4_NA 0290dc60     * CIL library *:* CIL module *
 0004:00000500       $R000000                   0290e500     EndoScopeMFC.res
 0004:00000b68       $R000668                   0290eb68     EndoScopeMFC.res
 0004:00000e50       $R000950                   0290ee50     EndoScopeMFC.res
 0004:00001038       $R000B38                   0290f038     EndoScopeMFC.res
 0004:00001160       $R000C60                   0290f160     EndoScopeMFC.res
 0004:00002008       $R001B08                   02910008     EndoScopeMFC.res
 0004:000028b0       $R0023B0                   029108b0     EndoScopeMFC.res
 0004:00002f78       $R002A78                   02910f78     EndoScopeMFC.res
 0004:000034e0       $R002FE0                   029114e0     EndoScopeMFC.res
 0004:0000c8b0       $R00C3B0                   0291a8b0     EndoScopeMFC.res
 0004:0000ee58       $R00E958                   0291ce58     EndoScopeMFC.res
 0004:0000ff00       $R00FA00                   0291df00     EndoScopeMFC.res
 0004:00010888       $R010388                   0291e888     EndoScopeMFC.res
 0004:00010cf0       $R0107F0                   0291ecf0     EndoScopeMFC.res
 0004:00010db0       $R0108B0                   0291edb0     EndoScopeMFC.res
 0004:00010e60       $R010960                   0291ee60     EndoScopeMFC.res
 0004:000114d0       $R010FD0                   0291f4d0     EndoScopeMFC.res
 0004:00011670       $R011170                   0291f670     EndoScopeMFC.res
 0004:000117e8       $R0112E8                   0291f7e8     EndoScopeMFC.res
 0004:00011ae8       $R0115E8                   0291fae8     EndoScopeMFC.res
 0004:00011af0       $R0115F0                   0291faf0     EndoScopeMFC.res
 0004:00011b40       $R011640                   0291fb40     EndoScopeMFC.res
